Component: ARM Compiler 5.06 update 3 (build 300) Tool: armlink [4d35c9]

==============================================================================

Section Cross References

    main.o(i.camera_refresh) refers to main.o(i.clearXY) for clearXY
    main.o(i.camera_refresh) refers to lcd.o(i.LCD_Scan_Dir) for LCD_Scan_Dir
    main.o(i.camera_refresh) refers to lcd.o(i.LCD_WriteRAM_Prepare) for LCD_WriteRAM_Prepare
    main.o(i.camera_refresh) refers to main.o(i.ASpoint) for ASpoint
    main.o(i.camera_refresh) refers to lcd.o(i.LCD_Draw_Circle) for LCD_Draw_Circle
    main.o(i.camera_refresh) refers to exti.o(.data) for ov_sta
    main.o(i.camera_refresh) refers to main.o(.data) for .data
    main.o(i.camera_refresh) refers to timer.o(.data) for ov_frame
    main.o(i.clearXY) refers to main.o(.data) for .data
    main.o(i.main) refers to delay.o(i.delay_init) for delay_init
    main.o(i.main) refers to misc.o(i.NVIC_PriorityGroupConfig) for NVIC_PriorityGroupConfig
    main.o(i.main) refers to lcd.o(i.LCD_Init) for LCD_Init
    main.o(i.main) refers to lcd.o(i.LCD_ShowString) for LCD_ShowString
    main.o(i.main) refers to delay.o(i.delay_ms) for delay_ms
    main.o(i.main) refers to lcd.o(i.LCD_Fill) for LCD_Fill
    main.o(i.main) refers to ov7670.o(i.OV7670_Init) for OV7670_Init
    main.o(i.main) refers to ov7670.o(i.OV7670_Light_Mode) for OV7670_Light_Mode
    main.o(i.main) refers to ov7670.o(i.OV7670_Color_Saturation) for OV7670_Color_Saturation
    main.o(i.main) refers to ov7670.o(i.OV7670_Brightness) for OV7670_Brightness
    main.o(i.main) refers to ov7670.o(i.OV7670_Contrast) for OV7670_Contrast
    main.o(i.main) refers to ov7670.o(i.OV7670_Special_Effects) for OV7670_Special_Effects
    main.o(i.main) refers to exti.o(i.EXTI8_Init) for EXTI8_Init
    main.o(i.main) refers to ov7670.o(i.OV7670_Window_Set) for OV7670_Window_Set
    main.o(i.main) refers to lcd.o(i.LCD_Clear) for LCD_Clear
    main.o(i.main) refers to main.o(i.camera_refresh) for camera_refresh
    main.o(i.main) refers to main.o(i.xianshi) for xianshi
    main.o(i.main) refers to main.o(i.xian) for xian
    main.o(i.main) refers to lcd.o(.data) for POINT_COLOR
    main.o(i.main) refers to main.o(.data) for .data
    main.o(i.main) refers to main.o(.bss) for .bss
    main.o(i.xian) refers to fflt_clz.o(x$fpl$fflt) for __aeabi_i2f
    main.o(i.xian) refers to main.o(i.zhaozhi) for zhaozhi
    main.o(i.xian) refers to faddsub_clz.o(x$fpl$fsub) for __aeabi_fsub
    main.o(i.xian) refers to fdiv.o(x$fpl$fdiv) for __aeabi_fdiv
    main.o(i.xian) refers to faddsub_clz.o(x$fpl$fadd) for __aeabi_fadd
    main.o(i.xian) refers to faddsub_clz.o(x$fpl$frsb) for __aeabi_frsub
    main.o(i.xian) refers to fmul.o(x$fpl$fmul) for __aeabi_fmul
    main.o(i.xian) refers to frleqf.o(x$fpl$frleqf) for __aeabi_cfrcmple
    main.o(i.xian) refers to fleqf.o(x$fpl$fleqf) for __aeabi_cfcmple
    main.o(i.xian) refers to ffix.o(x$fpl$ffix) for __aeabi_f2iz
    main.o(.data) refers to main.o(.conststring) for .conststring
    main.o(.data) refers to main.o(.conststring) for .conststring
    system_stm32f10x.o(i.SystemCoreClockUpdate) refers to system_stm32f10x.o(.data) for .data
    system_stm32f10x.o(i.SystemInit) refers to system_stm32f10x.o(i.SetSysClockTo72) for SetSysClockTo72
    led.o(i.LED_Init) refers to stm32f10x_rcc.o(i.RCC_APB2PeriphClockCmd) for RCC_APB2PeriphClockCmd
    led.o(i.LED_Init) refers to stm32f10x_gpio.o(i.GPIO_Init) for GPIO_Init
    led.o(i.LED_Init) refers to stm32f10x_gpio.o(i.GPIO_SetBits) for GPIO_SetBits
    lcd.o(i.LCD_Clear) refers to lcd.o(i.LCD_SetCursor) for LCD_SetCursor
    lcd.o(i.LCD_Clear) refers to lcd.o(i.LCD_WriteRAM_Prepare) for LCD_WriteRAM_Prepare
    lcd.o(i.LCD_Clear) refers to lcd.o(.bss) for .bss
    lcd.o(i.LCD_Color_Fill) refers to lcd.o(i.LCD_SetCursor) for LCD_SetCursor
    lcd.o(i.LCD_Color_Fill) refers to lcd.o(i.LCD_WriteRAM_Prepare) for LCD_WriteRAM_Prepare
    lcd.o(i.LCD_DisplayOff) refers to lcd.o(i.LCD_WriteReg) for LCD_WriteReg
    lcd.o(i.LCD_DisplayOff) refers to lcd.o(.bss) for .bss
    lcd.o(i.LCD_DisplayOn) refers to lcd.o(i.LCD_WriteReg) for LCD_WriteReg
    lcd.o(i.LCD_DisplayOn) refers to lcd.o(.bss) for .bss
    lcd.o(i.LCD_Display_Dir) refers to lcd.o(i.LCD_Scan_Dir) for LCD_Scan_Dir
    lcd.o(i.LCD_Display_Dir) refers to lcd.o(.bss) for .bss
    lcd.o(i.LCD_DrawLine) refers to lcd.o(i.LCD_DrawPoint) for LCD_DrawPoint
    lcd.o(i.LCD_DrawPoint) refers to lcd.o(i.LCD_SetCursor) for LCD_SetCursor
    lcd.o(i.LCD_DrawPoint) refers to lcd.o(i.LCD_WriteRAM_Prepare) for LCD_WriteRAM_Prepare
    lcd.o(i.LCD_DrawPoint) refers to lcd.o(.data) for .data
    lcd.o(i.LCD_DrawRectangle) refers to lcd.o(i.LCD_DrawLine) for LCD_DrawLine
    lcd.o(i.LCD_Draw_Circle) refers to lcd.o(i.LCD_DrawPoint) for LCD_DrawPoint
    lcd.o(i.LCD_Fast_DrawPoint) refers to lcd.o(i.LCD_WriteReg) for LCD_WriteReg
    lcd.o(i.LCD_Fast_DrawPoint) refers to lcd.o(.bss) for .bss
[...]
    RESET                                    0x08000000   Section      304  startup_stm32f10x_hd.o(RESET)
    !!!main                                  0x08000130   Section        8  __main.o(!!!main)
    !!!scatter                               0x08000138   Section       52  __scatter.o(!!!scatter)
    !!dczerorl2                              0x0800016c   Section       90  __dczerorl2.o(!!dczerorl2)
    !!handler_zi                             0x080001c8   Section       28  __scatter_zi.o(!!handler_zi)
    .ARM.Collect$$_printf_percent$$00000000  0x080001e4   Section        0  _printf_percent.o(.ARM.Collect$$_printf_percent$$00000000)
    .ARM.Collect$$_printf_percent$$00000009  0x080001e4   Section        6  _printf_d.o(.ARM.Collect$$_printf_percent$$00000009)
    .ARM.Collect$$_printf_percent$$0000000A  0x080001ea   Section        6  _printf_u.o(.ARM.Collect$$_printf_percent$$0000000A)
    .ARM.Collect$$_printf_percent$$0000000C  0x080001f0   Section        6  _printf_x.o(.ARM.Collect$$_printf_percent$$0000000C)
    .ARM.Collect$$_printf_percent$$00000013  0x080001f6   Section        6  _printf_c.o(.ARM.Collect$$_printf_percent$$00000013)
    .ARM.Collect$$_printf_percent$$00000014  0x080001fc   Section        6  _printf_s.o(.ARM.Collect$$_printf_percent$$00000014)
    .ARM.Collect$$_printf_percent$$00000017  0x08000202   Section        4  _printf_percent_end.o(.ARM.Collect$$_printf_percent$$00000017)
    .ARM.Collect$$libinit$$00000000          0x08000206   Section        2  libinit.o(.ARM.Collect$$libinit$$00000000)
    .ARM.Collect$$libinit$$00000002          0x08000208   Section        0  libinit2.o(.ARM.Collect$$libinit$$00000002)
    .ARM.Collect$$libinit$$00000004          0x08000208   Section        0  libinit2.o(.ARM.Collect$$libinit$$00000004)
    .ARM.Collect$$libinit$$0000000A          0x08000208   Section        0  libinit2.o(.ARM.Collect$$libinit$$0000000A)
    .ARM.Collect$$libinit$$0000000C          0x08000208   Section        0  libinit2.o(.ARM.Collect$$libinit$$0000000C)
    .ARM.Collect$$libinit$$0000000E          0x08000208   Section        0  libinit2.o(.ARM.Collect$$libinit$$0000000E)
    .ARM.Collect$$libinit$$00000011          0x08000208   Section        0  libinit2.o(.ARM.Collect$$libinit$$00000011)
    .ARM.Collect$$libinit$$00000013          0x08000208   Section        0  libinit2.o(.ARM.Collect$$libinit$$00000013)
    .ARM.Collect$$libinit$$00000015          0x08000208   Section        0  libinit2.o(.ARM.Collect$$libinit$$00000015)
    .ARM.Collect$$libinit$$00000017          0x08000208   Section        0  libinit2.o(.ARM.Collect$$libinit$$00000017)
    .ARM.Collect$$libinit$$00000019          0x08000208   Section        0  libinit2.o(.ARM.Collect$$libinit$$00000019)
    .ARM.Collect$$libinit$$0000001B          0x08000208   Section        0  libinit2.o(.ARM.Collect$$libinit$$0000001B)
    .ARM.Collect$$libinit$$0000001D          0x08000208   Section        0  libinit2.o(.ARM.Collect$$libinit$$0000001D)
    .ARM.Collect$$libinit$$0000001F          0x08000208   Section        0  libinit2.o(.ARM.Collect$$libinit$$0000001F)
    .ARM.Collect$$libinit$$00000021          0x08000208   Section        0  libinit2.o(.ARM.Collect$$libinit$$00000021)
    .ARM.Collect$$libinit$$00000023          0x08000208   Section        0  libinit2.o(.ARM.Collect$$libinit$$00000023)
    .ARM.Collect$$libinit$$00000025          0x08000208   Section        0  libinit2.o(.ARM.Collect$$libinit$$00000025)
    .ARM.Collect$$libinit$$0000002C          0x08000208   Section        0  libinit2.o(.ARM.Collect$$libinit$$0000002C)
    .ARM.Collect$$libinit$$0000002E          0x08000208   Section        0  libinit2.o(.ARM.Collect$$libinit$$0000002E)
    .ARM.Collect$$libinit$$00000030          0x08000208   Section        0  libinit2.o(.ARM.Collect$$libinit$$00000030)
    .ARM.Collect$$libinit$$00000032          0x08000208   Section        0  libinit2.o(.ARM.Collect$$libinit$$00000032)
    .ARM.Collect$$libinit$$00000033          0x08000208   Section        2  libinit2.o(.ARM.Collect$$libinit$$00000033)
    .ARM.Collect$$libshutdown$$00000000      0x0800020a   Section        2  libshutdown.o(.ARM.Collect$$libshutdown$$00000000)
    .ARM.Collect$$libshutdown$$00000002      0x0800020c   Section        0  libshutdown2.o(.ARM.Collect$$libshutdown$$00000002)
    .ARM.Collect$$libshutdown$$00000004      0x0800020c   Section        0  libshutdown2.o(.ARM.Collect$$libshutdown$$00000004)
    .ARM.Collect$$libshutdown$$00000007      0x0800020c   Section        0  libshutdown2.o(.ARM.Collect$$libshutdown$$00000007)
    .ARM.Collect$$libshutdown$$0000000A      0x0800020c   Section        0  libshutdown2.o(.ARM.Collect$$libshutdown$$0000000A)
    .ARM.Collect$$libshutdown$$0000000C      0x0800020c   Section        0  libshutdown2.o(.ARM.Collect$$libshutdown$$0000000C)
    .ARM.Collect$$libshutdown$$0000000F      0x0800020c   Section        0  libshutdown2.o(.ARM.Collect$$libshutdown$$0000000F)
    .ARM.Collect$$libshutdown$$00000010      0x0800020c   Section        2  libshutdown2.o(.ARM.Collect$$libshutdown$$00000010)
    .ARM.Collect$$rtentry$$00000000          0x0800020e   Section        0  __rtentry.o(.ARM.Collect$$rtentry$$00000000)
    .ARM.Collect$$rtentry$$00000002          0x0800020e   Section        0  __rtentry2.o(.ARM.Collect$$rtentry$$00000002)
    .ARM.Collect$$rtentry$$00000004          0x0800020e   Section        6  __rtentry4.o(.ARM.Collect$$rtentry$$00000004)
    .ARM.Collect$$rtentry$$00000009          0x08000214   Section        0  __rtentry2.o(.ARM.Collect$$rtentry$$00000009)
    .ARM.Collect$$rtentry$$0000000A          0x08000214   Section        4  __rtentry2.o(.ARM.Collect$$rtentry$$0000000A)
    .ARM.Collect$$rtentry$$0000000C          0x08000218   Section        0  __rtentry2.o(.ARM.Collect$$rtentry$$0000000C)
    .ARM.Collect$$rtentry$$0000000D          0x08000218   Section        8  __rtentry2.o(.ARM.Collect$$rtentry$$0000000D)
    .ARM.Collect$$rtexit$$00000000           0x08000220   Section        2  rtexit.o(.ARM.Collect$$rtexit$$00000000)
    .ARM.Collect$$rtexit$$00000002           0x08000222   Section        0  rtexit2.o(.ARM.Collect$$rtexit$$00000002)
    .ARM.Collect$$rtexit$$00000003           0x08000222   Section        4  rtexit2.o(.ARM.Collect$$rtexit$$00000003)
    .ARM.Collect$$rtexit$$00000004           0x08000226   Section        6  rtexit2.o(.ARM.Collect$$rtexit$$00000004)
    .text                                    0x0800022c   Section       60  startup_stm32f10x_hd.o(.text)
    .text                                    0x08000268   Section        2  use_no_semi_2.o(.text)
    .text                                    0x0800026c   Section        0  noretval__2printf.o(.text)
    .text                                    0x08000284   Section        0  _printf_pad.o(.text)
    .text                                    0x080002d2   Section        0  _printf_str.o(.text)
    .text                                    0x08000324   Section        0  _printf_dec.o(.text)
    .text                                    0x0800039c   Section        0  _printf_hex_int.o(.text)
    .text                                    0x080003f4   Section        0  __printf_flags_ss_wp.o(.text)
    .text                                    0x0800057c   Section        0  heapauxi.o(.text)
    .text                                    0x08000582   Section        2  use_no_semi.o(.text)
    .text                                    0x08000584   Section        0  _printf_intcommon.o(.text)
    .text                                    0x08000636   Section        0  _printf_char.o(.text)
    .text                                    0x08000664   Section        0  _printf_char_file.o(.text)
    .text                                    0x08000688   Section        0  _printf_char_common.o(.text)
    _printf_input_char                       0x08000689   Thumb Code    10  _printf_char_common.o(.text)
    .text                                    0x080006b8   Section        0  ferror.o(.text)
    .text                                    0x080006c0   Section       74  sys_stackheap_outer.o(.text)
    .text                                    0x0800070a   Section        0  exit.o(.text)
    .text                                    0x0800071c   Section        8  libspace.o(.text)
    i.ASpoint                                0x08000724   Section        0  main.o(i.ASpoint)
    i.BusFault_Handler                       0x0800074a   Section        0  stm32f10x_it.o(i.BusFault_Handler)
    i.DebugMon_Handler                       0x0800074c   Section        0  stm32f10x_it.o(i.DebugMon_Handler)
    i.EXTI0_IRQHandler                       0x08000750   Section        0  exti.o(i.EXTI0_IRQHandler)
    i.EXTI2_IRQHandler                       0x08000788   Section        0  exti.o(i.EXTI2_IRQHandler)
    i.EXTI3_IRQHandler                       0x080007c0   Section        0  exti.o(i.EXTI3_IRQHandler)
    i.EXTI4_IRQHandler                       0x080007f8   Section        0  exti.o(i.EXTI4_IRQHandler)
    i.EXTI8_Init                             0x08000830   Section        0  exti.o(i.EXTI8_Init)
    i.EXTI9_5_IRQHandler                     0x08000874   Section        0  exti.o(i.EXTI9_5_IRQHandler)
    i.EXTI_ClearITPendingBit                 0x080008c8   Section        0  stm32f10x_exti.o(i.EXTI_ClearITPendingBit)
    i.EXTI_GetITStatus                       0x080008d4   Section        0  stm32f10x_exti.o(i.EXTI_GetITStatus)
    i.EXTI_Init                              0x080008f4   Section        0  stm32f10x_exti.o(i.EXTI_Init)
    i.FSMC_NORSRAMCmd                        0x08000964   Section        0  stm32f10x_fsmc.o(i.FSMC_NORSRAMCmd)
    i.FSMC_NORSRAMInit                       0x08000984   Section        0  stm32f10x_fsmc.o(i.FSMC_NORSRAMInit)
    i.GPIO_EXTILineConfig                    0x08000a4c   Section        0  stm32f10x_gpio.o(i.GPIO_EXTILineConfig)
    i.GPIO_Init                              0x08000a74   Section        0  stm32f10x_gpio.o(i.GPIO_Init)
    i.GPIO_PinRemapConfig                    0x08000b10   Section        0  stm32f10x_gpio.o(i.GPIO_PinRemapConfig)
    i.GPIO_ReadInputDataBit                  0x08000b68   Section        0  stm32f10x_gpio.o(i.GPIO_ReadInputDataBit)
    i.GPIO_ResetBits                         0x08000b76   Section        0  stm32f10x_gpio.o(i.GPIO_ResetBits)
    i.GPIO_SetBits                           0x08000b7a   Section        0  stm32f10x_gpio.o(i.GPIO_SetBits)
    i.HardFault_Handler                      0x08000b7e   Section        0  stm32f10x_it.o(i.HardFault_Handler)
    i.LCD_Clear                              0x08000b80   Section        0  lcd.o(i.LCD_Clear)
    i.LCD_Display_Dir                        0x08000bec   Section        0  lcd.o(i.LCD_Display_Dir)
    i.LCD_DrawPoint                          0x08000d20   Section        0  lcd.o(i.LCD_DrawPoint)
    i.LCD_Draw_Circle                        0x08000d3c   Section        0  lcd.o(i.LCD_Draw_Circle)
    i.LCD_Fast_DrawPoint                     0x08000dec   Section        0  lcd.o(i.LCD_Fast_DrawPoint)
    i.LCD_Fill                               0x08000f0c   Section        0  lcd.o(i.LCD_Fill)
    i.LCD_Init                               0x08000f98   Section        0  lcd.o(i.LCD_Init)
    i.LCD_RD_DATA                            0x08003dd4   Section        0  lcd.o(i.LCD_RD_DATA)
    i.LCD_ReadReg                            0x08003de8   Section        0  lcd.o(i.LCD_ReadReg)
    i.LCD_SSD_BackLightSet                   0x08003e00   Section        0  lcd.o(i.LCD_SSD_BackLightSet)
    i.LCD_Scan_Dir                           0x08003e3c   Section        0  lcd.o(i.LCD_Scan_Dir)
    i.LCD_SetCursor                          0x08003fe4   Section        0  lcd.o(i.LCD_SetCursor)
    i.LCD_ShowChar                           0x0800412c   Section        0  lcd.o(i.LCD_ShowChar)
    i.LCD_ShowString                         0x080041f8   Section        0  lcd.o(i.LCD_ShowString)
    i.LCD_WriteRAM_Prepare                   0x0800424c   Section        0  lcd.o(i.LCD_WriteRAM_Prepare)
    i.LCD_WriteReg                           0x08004260   Section        0  lcd.o(i.LCD_WriteReg)
    i.MemManage_Handler                      0x08004270   Section        0  stm32f10x_it.o(i.MemManage_Handler)
    i.NMI_Handler                            0x08004272   Section        0  stm32f10x_it.o(i.NMI_Handler)
    i.NVIC_Init                              0x08004274   Section        0  misc.o(i.NVIC_Init)
    i.NVIC_PriorityGroupConfig               0x080042d8   Section        0  misc.o(i.NVIC_PriorityGroupConfig)
    i.OV7670_Brightness                      0x080042ec   Section        0  ov7670.o(i.OV7670_Brightness)
    i.OV7670_Color_Saturation                0x08004312   Section        0  ov7670.o(i.OV7670_Color_Saturation)
    i.OV7670_Contrast                        0x08004384   Section        0  ov7670.o(i.OV7670_Contrast)
    i.OV7670_Init                            0x080043ac   Section        0  ov7670.o(i.OV7670_Init)
    i.OV7670_Light_Mode                      0x080044bc   Section        0  ov7670.o(i.OV7670_Light_Mode)
    i.OV7670_Special_Effects                 0x0800450e   Section        0  ov7670.o(i.OV7670_Special_Effects)
    i.OV7670_Window_Set                      0x08004562   Section        0  ov7670.o(i.OV7670_Window_Set)
    i.PendSV_Handler                         0x080045d0   Section        0  stm32f10x_it.o(i.PendSV_Handler)
    i.RCC_AHBPeriphClockCmd                  0x080045d4   Section        0  stm32f10x_rcc.o(i.RCC_AHBPeriphClockCmd)
    i.RCC_APB1PeriphClockCmd                 0x080045ec   Section        0  stm32f10x_rcc.o(i.RCC_APB1PeriphClockCmd)
    i.RCC_APB2PeriphClockCmd                 0x08004604   Section        0  stm32f10x_rcc.o(i.RCC_APB2PeriphClockCmd)
    i.SCCB_Init                              0x0800461c   Section        0  sccb.o(i.SCCB_Init)
    i.SCCB_No_Ack                            0x08004688   Section        0  sccb.o(i.SCCB_No_Ack)
    i.SCCB_RD_Byte                           0x080046cc   Section        0  sccb.o(i.SCCB_RD_Byte)
    i.SCCB_RD_Reg                            0x08004740   Section        0  sccb.o(i.SCCB_RD_Reg)
    i.SCCB_Start                             0x0800478c   Section        0  sccb.o(i.SCCB_Start)
    i.SCCB_Stop                              0x080047c0   Section        0  sccb.o(i.SCCB_Stop)
    i.SCCB_WR_Byte                           0x080047f8   Section        0  sccb.o(i.SCCB_WR_Byte)
    i.SCCB_WR_Reg                            0x08004888   Section        0  sccb.o(i.SCCB_WR_Reg)
    i.SVC_Handler                            0x080048c6   Section        0  stm32f10x_it.o(i.SVC_Handler)
    i.SetSysClockTo72                        0x080048c8   Section        0  system_stm32f10x.o(i.SetSysClockTo72)
    SetSysClockTo72                          0x080048c9   Thumb Code   160  system_stm32f10x.o(i.SetSysClockTo72)
    i.SysTick_CLKSourceConfig                0x08004970   Section        0  misc.o(i.SysTick_CLKSourceConfig)
    i.SysTick_Handler                        0x08004988   Section        0  stm32f10x_it.o(i.SysTick_Handler)
    i.SystemInit                             0x0800498c   Section        0  system_stm32f10x.o(i.SystemInit)
    i.TIM3_IRQHandler                        0x080049dc   Section        0  timer.o(i.TIM3_IRQHandler)
    i.TIM4_IRQHandler                        0x08004a10   Section        0  usmart.o(i.TIM4_IRQHandler)
    i.TIM5_IRQHandler                        0x08004a4c   Section        0  timer.o(i.TIM5_IRQHandler)
    i.TIM6_IRQHandler                        0x08004ad4   Section        0  timer.o(i.TIM6_IRQHandler)
    i.TIM_ClearFlag                          0x08004b14   Section        0  stm32f10x_tim.o(i.TIM_ClearFlag)
    i.TIM_ClearITPendingBit                  0x08004b1a   Section        0  stm32f10x_tim.o(i.TIM_ClearITPendingBit)
    i.TIM_Cmd                                0x08004b20   Section        0  stm32f10x_tim.o(i.TIM_Cmd)
    i.TIM_GetCapture1                        0x08004b34   Section        0  stm32f10x_tim.o(i.TIM_GetCapture1)
    i.TIM_GetCounter                         0x08004b38   Section        0  stm32f10x_tim.o(i.TIM_GetCounter)
    i.TIM_GetFlagStatus                      0x08004b3c   Section        0  stm32f10x_tim.o(i.TIM_GetFlagStatus)
    i.TIM_GetITStatus                        0x08004b4a   Section        0  stm32f10x_tim.o(i.TIM_GetITStatus)
    i.TIM_ITConfig                           0x08004b62   Section        0  stm32f10x_tim.o(i.TIM_ITConfig)
    i.TIM_OC1PolarityConfig                  0x08004b72   Section        0  stm32f10x_tim.o(i.TIM_OC1PolarityConfig)
    i.TIM_SetAutoreload                      0x08004b7e   Section        0  stm32f10x_tim.o(i.TIM_SetAutoreload)
    i.TIM_SetCounter                         0x08004b82   Section        0  stm32f10x_tim.o(i.TIM_SetCounter)
    i.TIM_TimeBaseInit                       0x08004b88   Section        0  stm32f10x_tim.o(i.TIM_TimeBaseInit)
    i.Timer4_Init                            0x08004c24   Section        0  usmart.o(i.Timer4_Init)
    i.USART1_IRQHandler                      0x08004c84   Section        0  usart.o(i.USART1_IRQHandler)
    i.USART_GetITStatus                      0x08004ce8   Section        0  stm32f10x_usart.o(i.USART_GetITStatus)
    i.USART_ReceiveData                      0x08004d26   Section        0  stm32f10x_usart.o(i.USART_ReceiveData)
    i.UsageFault_Handler                     0x08004d2e   Section        0  stm32f10x_it.o(i.UsageFault_Handler)
    i._is_digit                              0x08004d30   Section        0  __printf_wp.o(i._is_digit)
    i._sys_exit                              0x08004d3e   Section        0  usart.o(i._sys_exit)
    i.camera_refresh                         0x08004d40   Section        0  main.o(i.camera_refresh)
    i.clearXY                                0x08004f80   Section        0  main.o(i.clearXY)
    i.delay_init                             0x08004fa4   Section        0  delay.o(i.delay_init)
    i.delay_ms                               0x08004fe0   Section        0  delay.o(i.delay_ms)
    i.delay_us                               0x08005014   Section        0  delay.o(i.delay_us)
    i.fputc                                  0x08005048   Section        0  usart.o(i.fputc)
    i.main                                   0x08005060   Section        0  main.o(i.main)
    i.read_addr                              0x0800541c   Section        0  usmart.o(i.read_addr)
    i.usmart_cmd_rec                         0x08005420   Section        0  usmart.o(i.usmart_cmd_rec)
    i.usmart_exe                             0x080054b4   Section        0  usmart.o(i.usmart_exe)
    i.usmart_get_aparm                       0x08005714   Section        0  usmart_str.o(i.usmart_get_aparm)
    i.usmart_get_cmdname                     0x080057b0   Section        0  usmart_str.o(i.usmart_get_cmdname)
    i.usmart_get_fname                       0x080057e0   Section        0  usmart_str.o(i.usmart_get_fname)
    i.usmart_get_fparam                      0x08005948   Section        0  usmart_str.o(i.usmart_get_fparam)
    i.usmart_get_parmpos                     0x08005a18   Section        0  usmart_str.o(i.usmart_get_parmpos)
    i.usmart_get_runtime                     0x08005a3c   Section        0  usmart.o(i.usmart_get_runtime)
    i.usmart_init                            0x08005a74   Section        0  usmart.o(i.usmart_init)
    i.usmart_pow                             0x08005a9c   Section        0  usmart_str.o(i.usmart_pow)
    i.usmart_reset_runtime                   0x08005aac   Section        0  usmart.o(i.usmart_reset_runtime)
    i.usmart_scan                            0x08005adc   Section        0  usmart.o(i.usmart_scan)
    i.usmart_search_nextc                    0x08005b80   Section        0  usmart_str.o(i.usmart_search_nextc)
    i.usmart_str2num                         0x08005b90   Section        0  usmart_str.o(i.usmart_str2num)
    i.usmart_strcmp                          0x08005c30   Section        0  usmart_str.o(i.usmart_strcmp)
    i.usmart_strcopy                         0x08005c48   Section        0  usmart_str.o(i.usmart_strcopy)
    i.usmart_strlen                          0x08005c5a   Section        0  usmart_str.o(i.usmart_strlen)
    i.usmart_sys_cmd_exe                     0x08005c6c   Section        0  usmart.o(i.usmart_sys_cmd_exe)
    i.write_addr                             0x080062dc   Section        0  usmart.o(i.write_addr)
    i.xian                                   0x080062e0   Section        0  main.o(i.xian)
    i.xianshi                                0x0800650c   Section        0  main.o(i.xianshi)
    i.zhaozhi                                0x08006570   Section        0  main.o(i.zhaozhi)
    x$fpl$dfixu                              0x080065a0   Section       90  dfixu.o(x$fpl$dfixu)
    x$fpl$dfltu                              0x080065fa   Section       38  dflt_clz.o(x$fpl$dfltu)
    x$fpl$dmul                               0x08006620   Section      340  dmul.o(x$fpl$dmul)
    x$fpl$dnaninf                            0x08006774   Section      156  dnaninf.o(x$fpl$dnaninf)
    x$fpl$dretinf                            0x08006810   Section       12  dretinf.o(x$fpl$dretinf)
    x$fpl$fadd                               0x0800681c   Section      196  faddsub_clz.o(x$fpl$fadd)
    _fadd1                                   0x0800682b   Thumb Code     0  faddsub_clz.o(x$fpl$fadd)
    x$fpl$fcmpinf                            0x080068e0   Section       24  fcmpi.o(x$fpl$fcmpinf)
    x$fpl$fdiv                               0x080068f8   Section      388  fdiv.o(x$fpl$fdiv)
    _fdiv1                                   0x080068f9   Thumb Code     0  fdiv.o(x$fpl$fdiv)
    x$fpl$ffix                               0x08006a7c   Section       54  ffix.o(x$fpl$ffix)
    x$fpl$fflt                               0x08006ab4   Section       48  fflt_clz.o(x$fpl$fflt)
    x$fpl$fleqf                              0x08006ae4   Section      104  fleqf.o(x$fpl$fleqf)
    x$fpl$fmul                               0x08006b4c   Section      258  fmul.o(x$fpl$fmul)
    x$fpl$fnaninf                            0x08006c4e   Section      140  fnaninf.o(x$fpl$fnaninf)
    x$fpl$fretinf                            0x08006cda   Section       10  fretinf.o(x$fpl$fretinf)
    x$fpl$frleqf                             0x08006ce4   Section       98  frleqf.o(x$fpl$frleqf)
    x$fpl$frsb                               0x08006d46   Section       20  faddsub_clz.o(x$fpl$frsb)
    x$fpl$fsub                               0x08006d5c   Section      234  faddsub_clz.o(x$fpl$fsub)
    _fsub1                                   0x08006d6b   Thumb Code     0  faddsub_clz.o(x$fpl$fsub)
    .constdata                               0x08006e46   Section     6080  lcd.o(.constdata)
    x$fpl$usenofp                            0x08006e46   Section        0  usenofp.o(x$fpl$usenofp)
    .constdata                               0x08008606   Section      336  ov7670.o(.constdata)
    .constdata                               0x08008756   Section       40  _printf_hex_int.o(.constdata)
    uc_hextab                                0x08008756   Data          20  _printf_hex_int.o(.constdata)
    lc_hextab                                0x0800876a   Data          20  _printf_hex_int.o(.constdata)
    .constdata                               0x0800877e   Section       17  __printf_flags_ss_wp.o(.constdata)
    maptable                                 0x0800877e   Data          17  __printf_flags_ss_wp.o(.constdata)
    .conststring                             0x08008790   Section       40  usmart.o(.conststring)
    .conststring                             0x080087b8   Section      223  usmart_config.o(.conststring)
    .data                                    0x20000000   Section      348  main.o(.data)
    .data                                    0x2000015c   Section       20  system_stm32f10x.o(.data)
    .data                                    0x20000170   Section        4  lcd.o(.data)
    .data                                    0x20000174   Section        1  exti.o(.data)
    .data                                    0x20000176   Section        4  timer.o(.data)
    .data                                    0x2000017a   Section        4  delay.o(.data)
    fac_us                                   0x2000017a   Data           1  delay.o(.data)
    fac_ms                                   0x2000017c   Data           2  delay.o(.data)
    .data                                    0x2000017e   Section        2  usart.o(.data)
    .data                                    0x20000180   Section        4  usart.o(.data)
    .data                                    0x20000184   Section       28  usmart.o(.data)
    .data                                    0x200001a0   Section       56  usmart_config.o(.data)
    .data                                    0x200001d8   Section      244  usmart_config.o(.data)
    .bss                                     0x200002cc   Section       14  main.o(.bss)
    .bss                                     0x200002da   Section       14  lcd.o(.bss)
    .bss                                     0x200002e8   Section      200  usart.o(.bss)
    .bss                                     0x200003b0   Section       96  libspace.o(.bss)
    HEAP                                     0x20000410   Section        0  startup_stm32f10x_hd.o(HEAP)
    STACK                                    0x20000410   Section     1024  startup_stm32f10x_hd.o(STACK)
    Heap_Mem                                 0x20000410   Data           0  startup_stm32f10x_hd.o(HEAP)
    Stack_Mem                                0x20000410   Data        1024  startup_stm32f10x_hd.o(STACK)
    __initial_sp                             0x20000810   Data           0  startup_stm32f10x_hd.o(STACK)

    Global Symbols

    Symbol Name                              Value     Ov Type        Size  Object(Section)

    BuildAttributes$$THM_ISAv4$P$D$K$B$S$PE$A:L22UL41UL21$X:L11$S22US41US21$IEEE1$IW$USESV6$~STKCKD$USESV7$~SHL$OSPACE$ROPI$EBA8$UX$STANDARDLIB$REQ8$PRES8$EABIv2 0x00000000   Number         0  anon$$obj.o ABSOLUTE
    __ARM_use_no_argv                        0x00000000   Number         0  main.o ABSOLUTE
    _printf_flags                            0x00000000   Number         0  printf_stubs.o ABSOLUTE
    _printf_return_value                     0x00000000   Number         0  printf_stubs.o ABSOLUTE
    _printf_sizespec                         0x00000000   Number         0  printf_stubs.o ABSOLUTE
    _printf_widthprec                        0x00000000   Number         0  printf_stubs.o ABSOLUTE
    __ARM_exceptions_init                     - Undefined Weak Reference
    __alloca_initialize                       - Undefined Weak Reference
    __arm_preinit_                            - Undefined Weak Reference
    __cpp_initialize__aeabi_                  - Undefined Weak Reference
    __cxa_finalize                            - Undefined Weak Reference
    __rt_locale                               - Undefined Weak Reference
    __sigvec_lookup                           - Undefined Weak Reference
    _atexit_init                              - Undefined Weak Reference
    _call_atexit_fns                          - Undefined Weak Reference
    _clock_init                               - Undefined Weak Reference
    _fp_trap_init                             - Undefined Weak Reference
    _fp_trap_shutdown                         - Undefined Weak Reference
    _get_lc_collate                           - Undefined Weak Reference
    _get_lc_ctype                             - Undefined Weak Reference
    _get_lc_monetary                          - Undefined Weak Reference
    _get_lc_numeric                           - Undefined Weak Reference
    _get_lc_time                              - Undefined Weak Reference
    _getenv_init                              - Undefined Weak Reference
    _handle_redirection                       - Undefined Weak Reference
    _init_alloc                               - Undefined Weak Reference
    _init_user_alloc                          - Undefined Weak Reference
    _initio                                   - Undefined Weak Reference
    _mutex_acquire                            - Undefined Weak Reference
    _mutex_release                            - Undefined Weak Reference
    _printf_mbtowc                            - Undefined Weak Reference
    _printf_truncate_signed                   - Undefined Weak Reference
    _printf_truncate_unsigned                 - Undefined Weak Reference
    _rand_init                                - Undefined Weak Reference
    _signal_finish                            - Undefined Weak Reference
    _signal_init                              - Undefined Weak Reference
    _terminate_alloc                          - Undefined Weak Reference
    _terminate_user_alloc                     - Undefined Weak Reference
    _terminateio                              - Undefined Weak Reference
    __Vectors_Size                           0x00000130   Number         0  startup_stm32f10x_hd.o ABSOLUTE
    __Vectors                                0x08000000   Data           4  startup_stm32f10x_hd.o(RESET)
    __Vectors_End                            0x08000130   Data           0  startup_stm32f10x_hd.o(RESET)
    __main                                   0x08000131   Thumb Code     8  __main.o(!!!main)
    __scatterload                            0x08000139   Thumb Code     0  __scatter.o(!!!scatter)
    __scatterload_rt2                        0x08000139   Thumb Code    44  __scatter.o(!!!scatter)
    __scatterload_rt2_thumb_only             0x08000139   Thumb Code     0  __scatter.o(!!!scatter)
    __scatterload_null                       0x08000147   Thumb Code     0  __scatter.o(!!!scatter)
    __decompress                             0x0800016d   Thumb Code    90  __dczerorl2.o(!!dczerorl2)
    __decompress1                            0x0800016d   Thumb Code     0  __dczerorl2.o(!!dczerorl2)
    __scatterload_zeroinit                   0x080001c9   Thumb Code    28  __scatter_zi.o(!!handler_zi)
    _printf_d                                0x080001e5   Thumb Code     0  _printf_d.o(.ARM.Collect$$_printf_percent$$00000009)
    _printf_percent                          0x080001e5   Thumb Code     0  _printf_percent.o(.ARM.Collect$$_printf_percent$$00000000)
    _printf_u                                0x080001eb   Thumb Code     0  _printf_u.o(.ARM.Collect$$_printf_percent$$0000000A)
    _printf_x                                0x080001f1   Thumb Code     0  _printf_x.o(.ARM.Collect$$_printf_percent$$0000000C)
    _printf_c                                0x080001f7   Thumb Code     0  _printf_c.o(.ARM.Collect$$_printf_percent$$00000013)
    _printf_s                                0x080001fd   Thumb Code     0  _printf_s.o(.ARM.Collect$$_printf_percent$$00000014)
    _printf_percent_end                      0x08000203   Thumb Code     0  _printf_percent_end.o(.ARM.Collect$$_printf_percent$$00000017)
    __rt_lib_init                            0x08000207   Thumb Code     0  libinit.o(.ARM.Collect$$libinit$$00000000)
    __rt_lib_init_alloca_1                   0x08000209   Thumb Code     0  libinit2.o(.ARM.Collect$$libinit$$0000002E)
    __rt_lib_init_argv_1                     0x08000209   Thumb Code     0  libinit2.o(.ARM.Collect$$libinit$$0000002C)
    __rt_lib_init_atexit_1                   0x08000209   Thumb Code     0  libinit2.o(.ARM.Collect$$libinit$$0000001B)
    __rt_lib_init_clock_1                    0x08000209   Thumb Code     0  libinit2.o(.ARM.Collect$$libinit$$00000021)
    __rt_lib_init_cpp_1                      0x08000209   Thumb Code     0  libinit2.o(.ARM.Collect$$libinit$$00000032)
    __rt_lib_init_exceptions_1               0x08000209   Thumb Code     0  libinit2.o(.ARM.Collect$$libinit$$00000030)
    __rt_lib_init_fp_1                       0x08000209   Thumb Code     0  libinit2.o(.ARM.Collect$$libinit$$00000002)
    __rt_lib_init_fp_trap_1                  0x08000209   Thumb Code     0  libinit2.o(.ARM.Collect$$libinit$$0000001F)
    __rt_lib_init_getenv_1                   0x08000209   Thumb Code     0  libinit2.o(.ARM.Collect$$libinit$$00000023)
    __rt_lib_init_heap_1                     0x08000209   Thumb Code     0  libinit2.o(.ARM.Collect$$libinit$$0000000A)
    __rt_lib_init_lc_collate_1               0x08000209   Thumb Code     0  libinit2.o(.ARM.Collect$$libinit$$00000011)
    __rt_lib_init_lc_ctype_1                 0x08000209   Thumb Code     0  libinit2.o(.ARM.Collect$$libinit$$00000013)
    __rt_lib_init_lc_monetary_1              0x08000209   Thumb Code     0  libinit2.o(.ARM.Collect$$libinit$$00000015)
    __rt_lib_init_lc_numeric_1               0x08000209   Thumb Code     0  libinit2.o(.ARM.Collect$$libinit$$00000017)
    __rt_lib_init_lc_time_1                  0x08000209   Thumb Code     0  libinit2.o(.ARM.Collect$$libinit$$00000019)
    __rt_lib_init_preinit_1                  0x08000209   Thumb Code     0  libinit2.o(.ARM.Collect$$libinit$$00000004)
    __rt_lib_init_rand_1                     0x08000209   Thumb Code     0  libinit2.o(.ARM.Collect$$libinit$$0000000E)
    __rt_lib_init_return                     0x08000209   Thumb Code     0  libinit2.o(.ARM.Collect$$libinit$$00000033)
    __rt_lib_init_signal_1                   0x08000209   Thumb Code     0  libinit2.o(.ARM.Collect$$libinit$$0000001D)
    __rt_lib_init_stdio_1                    0x08000209   Thumb Code     0  libinit2.o(.ARM.Collect$$libinit$$00000025)
    __rt_lib_init_user_alloc_1               0x08000209   Thumb Code     0  libinit2.o(.ARM.Collect$$libinit$$0000000C)
    __rt_lib_shutdown                        0x0800020b   Thumb Code     0  libshutdown.o(.ARM.Collect$$libshutdown$$00000000)
    __rt_lib_shutdown_cpp_1                  0x0800020d   Thumb Code     0  libshutdown2.o(.ARM.Collect$$libshutdown$$00000002)
    __rt_lib_shutdown_fp_trap_1              0x0800020d   Thumb Code     0  libshutdown2.o(.ARM.Collect$$libshutdown$$00000007)
    __rt_lib_shutdown_heap_1                 0x0800020d   Thumb Code     0  libshutdown2.o(.ARM.Collect$$libshutdown$$0000000F)
    __rt_lib_shutdown_return                 0x0800020d   Thumb Code     0  libshutdown2.o(.ARM.Collect$$libshutdown$$00000010)
    __rt_lib_shutdown_signal_1               0x0800020d   Thumb Code     0  libshutdown2.o(.ARM.Collect$$libshutdown$$0000000A)
    __rt_lib_shutdown_stdio_1                0x0800020d   Thumb Code     0  libshutdown2.o(.ARM.Collect$$libshutdown$$00000004)
    __rt_lib_shutdown_user_alloc_1           0x0800020d   Thumb Code     0  libshutdown2.o(.ARM.Collect$$libshutdown$$0000000C)
    __rt_entry                               0x0800020f   Thumb Code     0  __rtentry.o(.ARM.Collect$$rtentry$$00000000)
    __rt_entry_presh_1                       0x0800020f   Thumb Code     0  __rtentry2.o(.ARM.Collect$$rtentry$$00000002)
    __rt_entry_sh                            0x0800020f   Thumb Code     0  __rtentry4.o(.ARM.Collect$$rtentry$$00000004)
    __rt_entry_li                            0x08000215   Thumb Code     0  __rtentry2.o(.ARM.Collect$$rtentry$$0000000A)
    __rt_entry_postsh_1                      0x08000215   Thumb Code     0  __rtentry2.o(.ARM.Collect$$rtentry$$00000009)
    __rt_entry_main                          0x08000219   Thumb Code     0  __rtentry2.o(.ARM.Collect$$rtentry$$0000000D)
    __rt_entry_postli_1                      0x08000219   Thumb Code     0  __rtentry2.o(.ARM.Collect$$rtentry$$0000000C)
    __rt_exit                                0x08000221   Thumb Code     0  rtexit.o(.ARM.Collect$$rtexit$$00000000)
    __rt_exit_ls                             0x08000223   Thumb Code     0  rtexit2.o(.ARM.Collect$$rtexit$$00000003)
    __rt_exit_prels_1                        0x08000223   Thumb Code     0  rtexit2.o(.ARM.Collect$$rtexit$$00000002)
    __rt_exit_exit                           0x08000227   Thumb Code     0  rtexit2.o(.ARM.Collect$$rtexit$$00000004)
    Reset_Handler                            0x0800022d   Thumb Code     8  startup_stm32f10x_hd.o(.text)
    ADC1_2_IRQHandler                        0x08000247   Thumb Code     0  startup_stm32f10x_hd.o(.text)
    ADC3_IRQHandler                          0x08000247   Thumb Code     0  startup_stm32f10x_hd.o(.text)
    CAN1_RX1_IRQHandler                      0x08000247   Thumb Code     0  startup_stm32f10x_hd.o(.text)
    CAN1_SCE_IRQHandler                      0x08000247   Thumb Code     0  startup_stm32f10x_hd.o(.text)
    DMA1_Channel1_IRQHandler                 0x08000247   Thumb Code     0  startup_stm32f10x_hd.o(.text)
    DMA1_Channel2_IRQHandler                 0x08000247   Thumb Code     0  startup_stm32f10x_hd.o(.text)
    DMA1_Channel3_IRQHandler                 0x08000247   Thumb Code     0  startup_stm32f10x_hd.o(.text)
    DMA1_Channel4_IRQHandler                 0x08000247   Thumb Code     0  startup_stm32f10x_hd.o(.text)
    DMA1_Channel5_IRQHandler                 0x08000247   Thumb Code     0  startup_stm32f10x_hd.o(.text)
    DMA1_Channel6_IRQHandler                 0x08000247   Thumb Code     0  startup_stm32f10x_hd.o(.text)
    DMA1_Channel7_IRQHandler                 0x08000247   Thumb Code     0  startup_stm32f10x_hd.o(.text)
    DMA2_Channel1_IRQHandler                 0x08000247   Thumb Code     0  startup_stm32f10x_hd.o(.text)
    DMA2_Channel2_IRQHandler                 0x08000247   Thumb Code     0  startup_stm32f10x_hd.o(.text)
    DMA2_Channel3_IRQHandler                 0x08000247   Thumb Code     0  startup_stm32f10x_hd.o(.text)
    DMA2_Channel4_5_IRQHandler               0x08000247   Thumb Code     0  startup_stm32f10x_hd.o(.text)
    EXTI15_10_IRQHandler                     0x08000247   Thumb Code     0  startup_stm32f10x_hd.o(.text)
    EXTI1_IRQHandler                         0x08000247   Thumb Code     0  startup_stm32f10x_hd.o(.text)
    FLASH_IRQHandler                         0x08000247   Thumb Code     0  startup_stm32f10x_hd.o(.text)
    FSMC_IRQHandler                          0x08000247   Thumb Code     0  startup_stm32f10x_hd.o(.text)
    I2C1_ER_IRQHandler                       0x08000247   Thumb Code     0  startup_stm32f10x_hd.o(.text)
    I2C1_EV_IRQHandler                       0x08000247   Thumb Code     0  startup_stm32f10x_hd.o(.text)
    I2C2_ER_IRQHandler                       0x08000247   Thumb Code     0  startup_stm32f10x_hd.o(.text)
    I2C2_EV_IRQHandler                       0x08000247   Thumb Code     0  startup_stm32f10x_hd.o(.text)
    PVD_IRQHandler                           0x08000247   Thumb Code     0  startup_stm32f10x_hd.o(.text)
    RCC_IRQHandler                           0x08000247   Thumb Code     0  startup_stm32f10x_hd.o(.text)
    RTCAlarm_IRQHandler                      0x08000247   Thumb Code     0  startup_stm32f10x_hd.o(.text)
    RTC_IRQHandler                           0x08000247   Thumb Code     0  startup_stm32f10x_hd.o(.text)
    SDIO_IRQHandler                          0x08000247   Thumb Code     0  startup_stm32f10x_hd.o(.text)
    SPI1_IRQHandler                          0x08000247   Thumb Code     0  startup_stm32f10x_hd.o(.text)
    SPI2_IRQHandler                          0x08000247   Thumb Code     0  startup_stm32f10x_hd.o(.text)
    SPI3_IRQHandler                          0x08000247   Thumb Code     0  startup_stm32f10x_hd.o(.text)
    TAMPER_IRQHandler                        0x08000247   Thumb Code     0  startup_stm32f10x_hd.o(.text)
    TIM1_BRK_IRQHandler                      0x08000247   Thumb Code     0  startup_stm32f10x_hd.o(.text)
    TIM1_CC_IRQHandler                       0x08000247   Thumb Code     0  startup_stm32f10x_hd.o(.text)
    TIM1_TRG_COM_IRQHandler                  0x08000247   Thumb Code     0  startup_stm32f10x_hd.o(.text)
    TIM1_UP_IRQHandler                       0x08000247   Thumb Code     0  startup_stm32f10x_hd.o(.text)
    TIM2_IRQHandler                          0x08000247   Thumb Code     0  startup_stm32f10x_hd.o(.text)
    TIM7_IRQHandler                          0x08000247   Thumb Code     0  startup_stm32f10x_hd.o(.text)
    TIM8_BRK_IRQHandler                      0x08000247   Thumb Code     0  startup_stm32f10x_hd.o(.text)
    TIM8_CC_IRQHandler                       0x08000247   Thumb Code     0  startup_stm32f10x_hd.o(.text)
    TIM8_TRG_COM_IRQHandler                  0x08000247   Thumb Code     0  startup_stm32f10x_hd.o(.text)
    TIM8_UP_IRQHandler                       0x08000247   Thumb Code     0  startup_stm32f10x_hd.o(.text)
    UART4_IRQHandler                         0x08000247   Thumb Code     0  startup_stm32f10x_hd.o(.text)
    UART5_IRQHandler                         0x08000247   Thumb Code     0  startup_stm32f10x_hd.o(.text)
    USART2_IRQHandler                        0x08000247   Thumb Code     0  startup_stm32f10x_hd.o(.text)
    USART3_IRQHandler                        0x08000247   Thumb Code     0  startup_stm32f10x_hd.o(.text)
    USBWakeUp_IRQHandler                     0x08000247   Thumb Code     0  startup_stm32f10x_hd.o(.text)
    USB_HP_CAN1_TX_IRQHandler                0x08000247   Thumb Code     0  startup_stm32f10x_hd.o(.text)
    USB_LP_CAN1_RX0_IRQHandler               0x08000247   Thumb Code     0  startup_stm32f10x_hd.o(.text)
    WWDG_IRQHandler                          0x08000247   Thumb Code     0  startup_stm32f10x_hd.o(.text)
    __user_initial_stackheap                 0x08000249   Thumb Code     0  startup_stm32f10x_hd.o(.text)
    __use_no_semihosting                     0x08000269   Thumb Code     2  use_no_semi_2.o(.text)
    __2printf                                0x0800026d   Thumb Code    20  noretval__2printf.o(.text)
    _printf_pre_padding                      0x08000285   Thumb Code    44  _printf_pad.o(.text)
    _printf_post_padding                     0x080002b1   Thumb Code    34  _printf_pad.o(.text)
    _printf_str                              0x080002d3   Thumb Code    82  _printf_str.o(.text)
    _printf_int_dec                          0x08000325   Thumb Code   104  _printf_dec.o(.text)
    _printf_int_hex                          0x0800039d   Thumb Code    84  _printf_hex_int.o(.text)
    _printf_longlong_hex                     0x0800039d   Thumb Code     0  _printf_hex_int.o(.text)
    __printf                                 0x080003f5   Thumb Code   388  __printf_flags_ss_wp.o(.text)
    __use_two_region_memory                  0x0800057d   Thumb Code     2  heapauxi.o(.text)
    __rt_heap_escrow$2region                 0x0800057f   Thumb Code     2  heapauxi.o(.text)
    __rt_heap_expand$2region                 0x08000581   Thumb Code     2  heapauxi.o(.text)
    __I$use$semihosting                      0x08000583   Thumb Code     0  use_no_semi.o(.text)
    __use_no_semihosting_swi                 0x08000583   Thumb Code     2  use_no_semi.o(.text)
    _printf_int_common                       0x08000585   Thumb Code   178  _printf_intcommon.o(.text)
    _printf_cs_common                        0x08000637   Thumb Code    20  _printf_char.o(.text)
    _printf_char                             0x0800064b   Thumb Code    16  _printf_char.o(.text)
    _printf_string                           0x0800065b   Thumb Code     8  _printf_char.o(.text)
    _printf_char_file                        0x08000665   Thumb Code    32  _printf_char_file.o(.text)
    _printf_char_common                      0x08000693   Thumb Code    32  _printf_char_common.o(.text)
    ferror                                   0x080006b9   Thumb Code     8  ferror.o(.text)
    __user_setup_stackheap                   0x080006c1   Thumb Code    74  sys_stackheap_outer.o(.text)
    exit                                     0x0800070b   Thumb Code    18  exit.o(.text)
    __user_libspace                          0x0800071d   Thumb Code     8  libspace.o(.text)
    __user_perproc_libspace                  0x0800071d   Thumb Code     0  libspace.o(.text)
    __user_perthread_libspace                0x0800071d   Thumb Code     0  libspace.o(.text)
    ASpoint                                  0x08000725   Thumb Code    38  main.o(i.ASpoint)
    BusFault_Handler                         0x0800074b   Thumb Code     2  stm32f10x_it.o(i.BusFault_Handler)
    DebugMon_Handler                         0x0800074d   Thumb Code     2  stm32f10x_it.o(i.DebugMon_Handler)
    EXTI0_IRQHandler                         0x08000751   Thumb Code    48  exti.o(i.EXTI0_IRQHandler)
    EXTI2_IRQHandler                         0x08000789   Thumb Code    46  exti.o(i.EXTI2_IRQHandler)
    EXTI3_IRQHandler                         0x080007c1   Thumb Code    46  exti.o(i.EXTI3_IRQHandler)
    EXTI4_IRQHandler                         0x080007f9   Thumb Code    46  exti.o(i.EXTI4_IRQHandler)
    EXTI8_Init                               0x08000831   Thumb Code    66  exti.o(i.EXTI8_Init)
    EXTI9_5_IRQHandler                       0x08000875   Thumb Code    70  exti.o(i.EXTI9_5_IRQHandler)
    EXTI_ClearITPendingBit                   0x080008c9   Thumb Code     6  stm32f10x_exti.o(i.EXTI_ClearITPendingBit)
    EXTI_GetITStatus                         0x080008d5   Thumb Code    28  stm32f10x_exti.o(i.EXTI_GetITStatus)
    EXTI_Init                                0x080008f5   Thumb Code   108  stm32f10x_exti.o(i.EXTI_Init)
    FSMC_NORSRAMCmd                          0x08000965   Thumb Code    26  stm32f10x_fsmc.o(i.FSMC_NORSRAMCmd)
    FSMC_NORSRAMInit                         0x08000985   Thumb Code   200  stm32f10x_fsmc.o(i.FSMC_NORSRAMInit)
    GPIO_EXTILineConfig                      0x08000a4d   Thumb Code    34  stm32f10x_gpio.o(i.GPIO_EXTILineConfig)
    GPIO_Init                                0x08000a75   Thumb Code   156  stm32f10x_gpio.o(i.GPIO_Init)
    GPIO_PinRemapConfig                      0x08000b11   Thumb Code    82  stm32f10x_gpio.o(i.GPIO_PinRemapConfig)
    GPIO_ReadInputDataBit                    0x08000b69   Thumb Code    14  stm32f10x_gpio.o(i.GPIO_ReadInputDataBit)
    GPIO_ResetBits                           0x08000b77   Thumb Code     4  stm32f10x_gpio.o(i.GPIO_ResetBits)
    GPIO_SetBits                             0x08000b7b   Thumb Code     4  stm32f10x_gpio.o(i.GPIO_SetBits)
    HardFault_Handler                        0x08000b7f   Thumb Code     2  stm32f10x_it.o(i.HardFault_Handler)
    LCD_Clear                                0x08000b81   Thumb Code   100  lcd.o(i.LCD_Clear)
    LCD_Display_Dir                          0x08000bed   Thumb Code   304  lcd.o(i.LCD_Display_Dir)
    LCD_DrawPoint                            0x08000d21   Thumb Code    20  lcd.o(i.LCD_DrawPoint)
    LCD_Draw_Circle                          0x08000d3d   Thumb Code   176  lcd.o(i.LCD_Draw_Circle)
    LCD_Fast_DrawPoint                       0x08000ded   Thumb Code   278  lcd.o(i.LCD_Fast_DrawPoint)
    LCD_Fill                                 0x08000f0d   Thumb Code   132  lcd.o(i.LCD_Fill)
    LCD_Init                                 0x08000f99   Thumb Code 11832  lcd.o(i.LCD_Init)
    LCD_RD_DATA                              0x08003dd5   Thumb Code    16  lcd.o(i.LCD_RD_DATA)
    LCD_ReadReg                              0x08003de9   Thumb Code    20  lcd.o(i.LCD_ReadReg)
    LCD_SSD_BackLightSet                     0x08003e01   Thumb Code    50  lcd.o(i.LCD_SSD_BackLightSet)
    LCD_Scan_Dir                             0x08003e3d   Thumb Code   414  lcd.o(i.LCD_Scan_Dir)
    LCD_SetCursor                            0x08003fe5   Thumb Code   320  lcd.o(i.LCD_SetCursor)
    LCD_ShowChar                             0x0800412d   Thumb Code   182  lcd.o(i.LCD_ShowChar)
    LCD_ShowString                           0x080041f9   Thumb Code    84  lcd.o(i.LCD_ShowString)
    LCD_WriteRAM_Prepare                     0x0800424d   Thumb Code    10  lcd.o(i.LCD_WriteRAM_Prepare)
    LCD_WriteReg                             0x08004261   Thumb Code    10  lcd.o(i.LCD_WriteReg)
    MemManage_Handler                        0x08004271   Thumb Code     2  stm32f10x_it.o(i.MemManage_Handler)
    NMI_Handler                              0x08004273   Thumb Code     2  stm32f10x_it.o(i.NMI_Handler)
    NVIC_Init                                0x08004275   Thumb Code    94  misc.o(i.NVIC_Init)
    NVIC_PriorityGroupConfig                 0x080042d9   Thumb Code    10  misc.o(i.NVIC_PriorityGroupConfig)
    OV7670_Brightness                        0x080042ed   Thumb Code    38  ov7670.o(i.OV7670_Brightness)
    OV7670_Color_Saturation                  0x08004313   Thumb Code   114  ov7670.o(i.OV7670_Color_Saturation)
    OV7670_Contrast                          0x08004385   Thumb Code    38  ov7670.o(i.OV7670_Contrast)
    OV7670_Init                              0x080043ad   Thumb Code   242  ov7670.o(i.OV7670_Init)
    OV7670_Light_Mode                        0x080044bd   Thumb Code    82  ov7670.o(i.OV7670_Light_Mode)
    OV7670_Special_Effects                   0x0800450f   Thumb Code    84  ov7670.o(i.OV7670_Special_Effects)
    OV7670_Window_Set                        0x08004563   Thumb Code   110  ov7670.o(i.OV7670_Window_Set)
    PendSV_Handler                           0x080045d1   Thumb Code     2  stm32f10x_it.o(i.PendSV_Handler)
    RCC_AHBPeriphClockCmd                    0x080045d5   Thumb Code    18  stm32f10x_rcc.o(i.RCC_AHBPeriphClockCmd)
    RCC_APB1PeriphClockCmd                   0x080045ed   Thumb Code    18  stm32f10x_rcc.o(i.RCC_APB1PeriphClockCmd)
    RCC_APB2PeriphClockCmd                   0x08004605   Thumb Code    18  stm32f10x_rcc.o(i.RCC_APB2PeriphClockCmd)
    SCCB_Init                                0x0800461d   Thumb Code    98  sccb.o(i.SCCB_Init)
    SCCB_No_Ack                              0x08004689   Thumb Code    58  sccb.o(i.SCCB_No_Ack)
    SCCB_RD_Byte                             0x080046cd   Thumb Code   102  sccb.o(i.SCCB_RD_Byte)
    SCCB_RD_Reg                              0x08004741   Thumb Code    76  sccb.o(i.SCCB_RD_Reg)
    SCCB_Start                               0x0800478d   Thumb Code    44  sccb.o(i.SCCB_Start)
    SCCB_Stop                                0x080047c1   Thumb Code    46  sccb.o(i.SCCB_Stop)
    SCCB_WR_Byte                             0x080047f9   Thumb Code   130  sccb.o(i.SCCB_WR_Byte)
    SCCB_WR_Reg                              0x08004889   Thumb Code    62  sccb.o(i.SCCB_WR_Reg)
    SVC_Handler                              0x080048c7   Thumb Code     2  stm32f10x_it.o(i.SVC_Handler)
    SysTick_CLKSourceConfig                  0x08004971   Thumb Code    24  misc.o(i.SysTick_CLKSourceConfig)
    SysTick_Handler                          0x08004989   Thumb Code     2  stm32f10x_it.o(i.SysTick_Handler)
    SystemInit                               0x0800498d   Thumb Code    64  system_stm32f10x.o(i.SystemInit)
    TIM3_IRQHandler                          0x080049dd   Thumb Code    44  timer.o(i.TIM3_IRQHandler)
    TIM4_IRQHandler                          0x08004a11   Thumb Code    50  usmart.o(i.TIM4_IRQHandler)
    TIM5_IRQHandler                          0x08004a4d   Thumb Code   128  timer.o(i.TIM5_IRQHandler)
    TIM6_IRQHandler                          0x08004ad5   Thumb Code    40  timer.o(i.TIM6_IRQHandler)
    TIM_ClearFlag                            0x08004b15   Thumb Code     6  stm32f10x_tim.o(i.TIM_ClearFlag)
    TIM_ClearITPendingBit                    0x08004b1b   Thumb Code     6  stm32f10x_tim.o(i.TIM_ClearITPendingBit)
    TIM_Cmd                                  0x08004b21   Thumb Code    20  stm32f10x_tim.o(i.TIM_Cmd)
    TIM_GetCapture1                          0x08004b35   Thumb Code     4  stm32f10x_tim.o(i.TIM_GetCapture1)
    TIM_GetCounter                           0x08004b39   Thumb Code     4  stm32f10x_tim.o(i.TIM_GetCounter)
    TIM_GetFlagStatus                        0x08004b3d   Thumb Code    14  stm32f10x_tim.o(i.TIM_GetFlagStatus)
    TIM_GetITStatus                          0x08004b4b   Thumb Code    24  stm32f10x_tim.o(i.TIM_GetITStatus)
    TIM_ITConfig                             0x08004b63   Thumb Code    16  stm32f10x_tim.o(i.TIM_ITConfig)
    TIM_OC1PolarityConfig                    0x08004b73   Thumb Code    12  stm32f10x_tim.o(i.TIM_OC1PolarityConfig)
    TIM_SetAutoreload                        0x08004b7f   Thumb Code     4  stm32f10x_tim.o(i.TIM_SetAutoreload)
    TIM_SetCounter                           0x08004b83   Thumb Code     4  stm32f10x_tim.o(i.TIM_SetCounter)
    TIM_TimeBaseInit                         0x08004b89   Thumb Code   114  stm32f10x_tim.o(i.TIM_TimeBaseInit)
    Timer4_Init                              0x08004c25   Thumb Code    90  usmart.o(i.Timer4_Init)
    USART1_IRQHandler                        0x08004c85   Thumb Code    88  usart.o(i.USART1_IRQHandler)
    USART_GetITStatus                        0x08004ce9   Thumb Code    62  stm32f10x_usart.o(i.USART_GetITStatus)
    USART_ReceiveData                        0x08004d27   Thumb Code     8  stm32f10x_usart.o(i.USART_ReceiveData)
    UsageFault_Handler                       0x08004d2f   Thumb Code     2  stm32f10x_it.o(i.UsageFault_Handler)
    _is_digit                                0x08004d31   Thumb Code    14  __printf_wp.o(i._is_digit)
    _sys_exit                                0x08004d3f   Thumb Code     2  usart.o(i._sys_exit)
    camera_refresh                           0x08004d41   Thumb Code   546  main.o(i.camera_refresh)
    clearXY                                  0x08004f81   Thumb Code    30  main.o(i.clearXY)
    delay_init                               0x08004fa5   Thumb Code    46  delay.o(i.delay_init)
    delay_ms                                 0x08004fe1   Thumb Code    46  delay.o(i.delay_ms)
    delay_us                                 0x08005015   Thumb Code    46  delay.o(i.delay_us)
    fputc                                    0x08005049   Thumb Code    18  usart.o(i.fputc)
    main                                     0x08005061   Thumb Code   756  main.o(i.main)
    read_addr                                0x0800541d   Thumb Code     4  usmart.o(i.read_addr)
    usmart_cmd_rec                           0x08005421   Thumb Code   144  usmart.o(i.usmart_cmd_rec)
    usmart_exe                               0x080054b5   Thumb Code   510  usmart.o(i.usmart_exe)
    usmart_get_aparm                         0x08005715   Thumb Code   156  usmart_str.o(i.usmart_get_aparm)
    usmart_get_cmdname                       0x080057b1   Thumb Code    46  usmart_str.o(i.usmart_get_cmdname)
    usmart_get_fname                         0x080057e1   Thumb Code   352  usmart_str.o(i.usmart_get_fname)
    usmart_get_fparam                        0x08005949   Thumb Code   202  usmart_str.o(i.usmart_get_fparam)
    usmart_get_parmpos                       0x08005a19   Thumb Code    30  usmart_str.o(i.usmart_get_parmpos)
    usmart_get_runtime                       0x08005a3d   Thumb Code    48  usmart.o(i.usmart_get_runtime)
    usmart_init                              0x08005a75   Thumb Code    36  usmart.o(i.usmart_init)
    usmart_pow                               0x08005a9d   Thumb Code    16  usmart_str.o(i.usmart_pow)
    usmart_reset_runtime                     0x08005aad   Thumb Code    40  usmart.o(i.usmart_reset_runtime)
    usmart_scan                              0x08005add   Thumb Code    94  usmart.o(i.usmart_scan)
    usmart_search_nextc                      0x08005b81   Thumb Code    16  usmart_str.o(i.usmart_search_nextc)
    usmart_str2num                           0x08005b91   Thumb Code   160  usmart_str.o(i.usmart_str2num)
    usmart_strcmp                            0x08005c31   Thumb Code    24  usmart_str.o(i.usmart_strcmp)
    usmart_strcopy                           0x08005c49   Thumb Code    18  usmart_str.o(i.usmart_strcopy)
    usmart_strlen                            0x08005c5b   Thumb Code    18  usmart_str.o(i.usmart_strlen)
    usmart_sys_cmd_exe                       0x08005c6d   Thumb Code  1442  usmart.o(i.usmart_sys_cmd_exe)
    write_addr                               0x080062dd   Thumb Code     4  usmart.o(i.write_addr)
    xian                                     0x080062e1   Thumb Code   532  main.o(i.xian)
    xianshi                                  0x0800650d   Thumb Code   100  main.o(i.xianshi)
    zhaozhi                                  0x08006571   Thumb Code    46  main.o(i.zhaozhi)
    __aeabi_d2uiz                            0x080065a1   Thumb Code     0  dfixu.o(x$fpl$dfixu)
    _dfixu                                   0x080065a1   Thumb Code    90  dfixu.o(x$fpl$dfixu)
    __aeabi_ui2d                             0x080065fb   Thumb Code     0  dflt_clz.o(x$fpl$dfltu)
    _dfltu                                   0x080065fb   Thumb Code    38  dflt_clz.o(x$fpl$dfltu)
    __aeabi_dmul                             0x08006621   Thumb Code     0  dmul.o(x$fpl$dmul)
    _dmul                                    0x08006621   Thumb Code   332  dmul.o(x$fpl$dmul)
    __fpl_dnaninf                            0x08006775   Thumb Code   156  dnaninf.o(x$fpl$dnaninf)
    __fpl_dretinf                            0x08006811   Thumb Code    12  dretinf.o(x$fpl$dretinf)
    __aeabi_fadd                             0x0800681d   Thumb Code     0  faddsub_clz.o(x$fpl$fadd)
    _fadd                                    0x0800681d   Thumb Code   196  faddsub_clz.o(x$fpl$fadd)
    __fpl_fcmp_Inf                           0x080068e1   Thumb Code    24  fcmpi.o(x$fpl$fcmpinf)
    __aeabi_fdiv                             0x080068f9   Thumb Code     0  fdiv.o(x$fpl$fdiv)
    _fdiv                                    0x080068f9   Thumb Code   384  fdiv.o(x$fpl$fdiv)
    __aeabi_f2iz                             0x08006a7d   Thumb Code     0  ffix.o(x$fpl$ffix)
    _ffix                                    0x08006a7d   Thumb Code    54  ffix.o(x$fpl$ffix)
    __aeabi_i2f                              0x08006ab5   Thumb Code     0  fflt_clz.o(x$fpl$fflt)
    _fflt                                    0x08006ab5   Thumb Code    48  fflt_clz.o(x$fpl$fflt)
    __aeabi_cfcmple                          0x08006ae5   Thumb Code     0  fleqf.o(x$fpl$fleqf)
    _fcmple                                  0x08006ae5   Thumb Code   104  fleqf.o(x$fpl$fleqf)
    __fpl_fcmple_InfNaN                      0x08006b37   Thumb Code     0  fleqf.o(x$fpl$fleqf)
    __aeabi_fmul                             0x08006b4d   Thumb Code     0  fmul.o(x$fpl$fmul)
    _fmul                                    0x08006b4d   Thumb Code   258  fmul.o(x$fpl$fmul)
    __fpl_fnaninf                            0x08006c4f   Thumb Code   140  fnaninf.o(x$fpl$fnaninf)
    __fpl_fretinf                            0x08006cdb   Thumb Code    10  fretinf.o(x$fpl$fretinf)
    __aeabi_cfrcmple                         0x08006ce5   Thumb Code     0  frleqf.o(x$fpl$frleqf)
    _frcmple                                 0x08006ce5   Thumb Code    98  frleqf.o(x$fpl$frleqf)
    __aeabi_frsub                            0x08006d47   Thumb Code     0  faddsub_clz.o(x$fpl$frsb)
    _frsb                                    0x08006d47   Thumb Code    20  faddsub_clz.o(x$fpl$frsb)
    __aeabi_fsub                             0x08006d5d   Thumb Code     0  faddsub_clz.o(x$fpl$fsub)
    _fsub                                    0x08006d5d   Thumb Code   234  faddsub_clz.o(x$fpl$fsub)
    __I$use$fp                               0x08006e46   Number         0  usenofp.o(x$fpl$usenofp)
    asc2_1206                                0x08006e46   Data        1140  lcd.o(.constdata)
    asc2_1608                                0x080072ba   Data        1520  lcd.o(.constdata)
    asc2_2412                                0x080078aa   Data        3420  lcd.o(.constdata)
    ov7670_init_reg_tbl                      0x08008606   Data         336  ov7670.o(.constdata)
    Region$$Table$$Base                      0x08008898   Number         0  anon$$obj.o(Region$$Table)
    Region$$Table$$Limit                     0x080088b8   Number         0  anon$$obj.o(Region$$Table)
    color                                    0x20000000   Data           2  main.o(.data)
    x1                                       0x20000004   Data           4  main.o(.data)
    y1                                       0x20000008   Data           4  main.o(.data)
    n1                                       0x2000000c   Data           4  main.o(.data)
    x2                                       0x20000010   Data           4  main.o(.data)
    y2                                       0x20000014   Data           4  main.o(.data)
    n2                                       0x20000018   Data           4  main.o(.data)
    x3                                       0x2000001c   Data           4  main.o(.data)
    y3                                       0x20000020   Data           4  main.o(.data)
    n3                                       0x20000024   Data           4  main.o(.data)
    flagXY                                   0x20000028   Data           4  main.o(.data)
    hang                                     0x2000002c   Data           4  main.o(.data)
    line                                     0x20000030   Data           4  main.o(.data)
    XY1                                      0x20000034   Data           8  main.o(.data)
    XY2                                      0x2000003c   Data           8  main.o(.data)
    XY3                                      0x20000044   Data           8  main.o(.data)
    XX2                                      0x2000004c   Data          68  main.o(.data)
    YY2                                      0x20000090   Data          68  main.o(.data)
    XX3                                      0x200000d4   Data          68  main.o(.data)
    YY3                                      0x20000118   Data          68  main.o(.data)
    SystemCoreClock                          0x2000015c   Data           4  system_stm32f10x.o(.data)
    AHBPrescTable                            0x20000160   Data          16  system_stm32f10x.o(.data)
    POINT_COLOR                              0x20000170   Data           2  lcd.o(.data)
    BACK_COLOR                               0x20000172   Data           2  lcd.o(.data)
    ov_sta                                   0x20000174   Data           1  exti.o(.data)
    TIM5CH1_CAPTURE_STA                      0x20000176   Data           1  timer.o(.data)
    ov_frame                                 0x20000177   Data           1  timer.o(.data)
    TIM5CH1_CAPTURE_VAL                      0x20000178   Data           2  timer.o(.data)
    USART_RX_STA                             0x2000017e   Data           2  usart.o(.data)
    __stdout                                 0x20000180   Data           4  usart.o(.data)
    sys_cmd_tab                              0x20000184   Data          28  usmart.o(.data)
    usmart_nametab                           0x200001a0   Data          56  usmart_config.o(.data)
    usmart_dev                               0x200001d8   Data         244  usmart_config.o(.data)
    xy                                       0x200002cc   Data          14  main.o(.bss)
    lcddev                                   0x200002da   Data          14  lcd.o(.bss)
    USART_RX_BUF                             0x200002e8   Data         200  usart.o(.bss)
    __libspace_start                         0x200003b0   Data          96  libspace.o(.bss)
    __temporary_stack_top$libspace           0x20000410   Data           0  libspace.o(.bss)



==============================================================================

Memory Map of the image

  Image Entry point : 0x08000131

  Load Region LR_IROM1 (Base: 0x08000000, Size: 0x00008b84, Max: 0x00080000, ABSOLUTE, COMPRESSED[0x000089b8])

    Execution Region ER_IROM1 (Base: 0x08000000, Size: 0x000088b8, Max: 0x00080000, ABSOLUTE)

    Base Addr    Size         Type   Attr      Idx    E Section Name        Object

    0x08000000   0x00000130   Data   RO          866    RESET               startup_stm32f10x_hd.o
    0x08000130   0x00000008   Code   RO         2333  * !!!main             c_w.l(__main.o)
    0x08000138   0x00000034   Code   RO         2554    !!!scatter          c_w.l(__scatter.o)
    0x0800016c   0x0000005a   Code   RO         2552    !!dczerorl2         c_w.l(__dczerorl2.o)
    0x080001c6   0x00000002   PAD
    0x080001c8   0x0000001c   Code   RO         2556    !!handler_zi        c_w.l(__scatter_zi.o)
    0x080001e4   0x00000000   Code   RO         2330    .ARM.Collect$$_printf_percent$$00000000  c_w.l(_printf_percent.o)
    0x080001e4   0x00000006   Code   RO         2328    .ARM.Collect$$_printf_percent$$00000009  c_w.l(_printf_d.o)
    0x080001ea   0x00000006   Code   RO         2329    .ARM.Collect$$_printf_percent$$0000000A  c_w.l(_printf_u.o)
    0x080001f0   0x00000006   Code   RO         2327    .ARM.Collect$$_printf_percent$$0000000C  c_w.l(_printf_x.o)
    0x080001f6   0x00000006   Code   RO         2325    .ARM.Collect$$_printf_percent$$00000013  c_w.l(_printf_c.o)
    0x080001fc   0x00000006   Code   RO         2326    .ARM.Collect$$_printf_percent$$00000014  c_w.l(_printf_s.o)
    0x08000202   0x00000004   Code   RO         2382    .ARM.Collect$$_printf_percent$$00000017  c_w.l(_printf_percent_end.o)
    0x08000206   0x00000002   Code   RO         2426    .ARM.Collect$$libinit$$00000000  c_w.l(libinit.o)
    0x08000208   0x00000000   Code   RO         2433    .ARM.Collect$$libinit$$00000002  c_w.l(libinit2.o)
    0x08000208   0x00000000   Code   RO         2435    .ARM.Collect$$libinit$$00000004  c_w.l(libinit2.o)
    0x08000208   0x00000000   Code   RO         2438    .ARM.Collect$$libinit$$0000000A  c_w.l(libinit2.o)
    0x08000208   0x00000000   Code   RO         2440    .ARM.Collect$$libinit$$0000000C  c_w.l(libinit2.o)
    0x08000208   0x00000000   Code   RO         2442    .ARM.Collect$$libinit$$0000000E  c_w.l(libinit2.o)
    0x08000208   0x00000000   Code   RO         2445    .ARM.Collect$$libinit$$00000011  c_w.l(libinit2.o)
    0x08000208   0x00000000   Code   RO         2447    .ARM.Collect$$libinit$$00000013  c_w.l(libinit2.o)
    0x08000208   0x00000000   Code   RO         2449    .ARM.Collect$$libinit$$00000015  c_w.l(libinit2.o)
    0x08000208   0x00000000   Code   RO         2451    .ARM.Collect$$libinit$$00000017  c_w.l(libinit2.o)
    0x08000208   0x00000000   Code   RO         2453    .ARM.Collect$$libinit$$00000019  c_w.l(libinit2.o)
    0x08000208   0x00000000   Code   RO         2455    .ARM.Collect$$libinit$$0000001B  c_w.l(libinit2.o)
    0x08000208   0x00000000   Code   RO         2457    .ARM.Collect$$libinit$$0000001D  c_w.l(libinit2.o)
    0x08000208   0x00000000   Code   RO         2459    .ARM.Collect$$libinit$$0000001F  c_w.l(libinit2.o)
    0x08000208   0x00000000   Code   RO         2461    .ARM.Collect$$libinit$$00000021  c_w.l(libinit2.o)
    0x08000208   0x00000000   Code   RO         2463    .ARM.Collect$$libinit$$00000023  c_w.l(libinit2.o)
    0x08000208   0x00000000   Code   RO         2465    .ARM.Collect$$libinit$$00000025  c_w.l(libinit2.o)
    0x08000208   0x00000000   Code   RO         2469    .ARM.Collect$$libinit$$0000002C  c_w.l(libinit2.o)
    0x08000208   0x00000000   Code   RO         2471    .ARM.Collect$$libinit$$0000002E  c_w.l(libinit2.o)
    0x08000208   0x00000000   Code   RO         2473    .ARM.Collect$$libinit$$00000030  c_w.l(libinit2.o)
    0x08000208   0x00000000   Code   RO         2475    .ARM.Collect$$libinit$$00000032  c_w.l(libinit2.o)
    0x08000208   0x00000002   Code   RO         2476    .ARM.Collect$$libinit$$00000033  c_w.l(libinit2.o)
    0x0800020a   0x00000002   Code   RO         2494    .ARM.Collect$$libshutdown$$00000000  c_w.l(libshutdown.o)
    0x0800020c   0x00000000   Code   RO         2504    .ARM.Collect$$libshutdown$$00000002  c_w.l(libshutdown2.o)
    0x0800020c   0x00000000   Code   RO         2506    .ARM.Collect$$libshutdown$$00000004  c_w.l(libshutdown2.o)
    0x0800020c   0x00000000   Code   RO         2509    .ARM.Collect$$libshutdown$$00000007  c_w.l(libshutdown2.o)
    0x0800020c   0x00000000   Code   RO         2512    .ARM.Collect$$libshutdown$$0000000A  c_w.l(libshutdown2.o)
    0x0800020c   0x00000000   Code   RO         2514    .ARM.Collect$$libshutdown$$0000000C  c_w.l(libshutdown2.o)
    0x0800020c   0x00000000   Code   RO         2517    .ARM.Collect$$libshutdown$$0000000F  c_w.l(libshutdown2.o)
    0x0800020c   0x00000002   Code   RO         2518    .ARM.Collect$$libshutdown$$00000010  c_w.l(libshutdown2.o)
    0x0800020e   0x00000000   Code   RO         2375    .ARM.Collect$$rtentry$$00000000  c_w.l(__rtentry.o)
    0x0800020e   0x00000000   Code   RO         2395    .ARM.Collect$$rtentry$$00000002  c_w.l(__rtentry2.o)
    0x0800020e   0x00000006   Code   RO         2407    .ARM.Collect$$rtentry$$00000004  c_w.l(__rtentry4.o)
    0x08000214   0x00000000   Code   RO         2397    .ARM.Collect$$rtentry$$00000009  c_w.l(__rtentry2.o)
    0x08000214   0x00000004   Code   RO         2398    .ARM.Collect$$rtentry$$0000000A  c_w.l(__rtentry2.o)
    0x08000218   0x00000000   Code   RO         2400    .ARM.Collect$$rtentry$$0000000C  c_w.l(__rtentry2.o)
    0x08000218   0x00000008   Code   RO         2401    .ARM.Collect$$rtentry$$0000000D  c_w.l(__rtentry2.o)
    0x08000220   0x00000002   Code   RO         2430    .ARM.Collect$$rtexit$$00000000  c_w.l(rtexit.o)
    0x08000222   0x00000000   Code   RO         2478    .ARM.Collect$$rtexit$$00000002  c_w.l(rtexit2.o)
    0x08000222   0x00000004   Code   RO         2479    .ARM.Collect$$rtexit$$00000003  c_w.l(rtexit2.o)
    0x08000226   0x00000006   Code   RO         2480    .ARM.Collect$$rtexit$$00000004  c_w.l(rtexit2.o)
    0x0800022c   0x0000003c   Code   RO          867    .text               startup_stm32f10x_hd.o
    0x08000268   0x00000002   Code   RO         2270    .text               c_w.l(use_no_semi_2.o)
    0x0800026a   0x00000002   PAD
    0x0800026c   0x00000018   Code   RO         2274    .text               c_w.l(noretval__2printf.o)
    0x08000284   0x0000004e   Code   RO         2278    .text               c_w.l(_printf_pad.o)
    0x080002d2   0x00000052   Code   RO         2280    .text               c_w.l(_printf_str.o)
    0x08000324   0x00000078   Code   RO         2282    .text               c_w.l(_printf_dec.o)
    0x0800039c   0x00000058   Code   RO         2287    .text               c_w.l(_printf_hex_int.o)
    0x080003f4   0x00000188   Code   RO         2322    .text               c_w.l(__printf_flags_ss_wp.o)
    0x0800057c   0x00000006   Code   RO         2331    .text               c_w.l(heapauxi.o)
    0x08000582   0x00000002   Code   RO         2373    .text               c_w.l(use_no_semi.o)
    0x08000584   0x000000b2   Code   RO         2376    .text               c_w.l(_printf_intcommon.o)
    0x08000636   0x0000002c   Code   RO         2378    .text               c_w.l(_printf_char.o)
    0x08000662   0x00000002   PAD
    0x08000664   0x00000024   Code   RO         2380    .text               c_w.l(_printf_char_file.o)
    0x08000688   0x00000030   Code   RO         2409    .text               c_w.l(_printf_char_common.o)
    0x080006b8   0x00000008   Code   RO         2411    .text               c_w.l(ferror.o)
    0x080006c0   0x0000004a   Code   RO         2415    .text               c_w.l(sys_stackheap_outer.o)
    0x0800070a   0x00000012   Code   RO         2419    .text               c_w.l(exit.o)
    0x0800071c   0x00000008   Code   RO         2427    .text               c_w.l(libspace.o)
    0x08000724   0x00000026   Code   RO            1    i.ASpoint           main.o
    0x0800074a   0x00000002   Code   RO          149    i.BusFault_Handler  stm32f10x_it.o
    0x0800074c   0x00000002   Code   RO          150    i.DebugMon_Handler  stm32f10x_it.o
    0x0800074e   0x00000002   PAD
    0x08000750   0x00000038   Code   RO          519    i.EXTI0_IRQHandler  exti.o
    0x08000788   0x00000038   Code   RO          520    i.EXTI2_IRQHandler  exti.o
    0x080007c0   0x00000038   Code   RO          521    i.EXTI3_IRQHandler  exti.o
    0x080007f8   0x00000038   Code   RO          522    i.EXTI4_IRQHandler  exti.o
    0x08000830   0x00000042   Code   RO          523    i.EXTI8_Init        exti.o
    0x08000872   0x00000002   PAD
    0x08000874   0x00000054   Code   RO          524    i.EXTI9_5_IRQHandler  exti.o
    0x080008c8   0x0000000c   Code   RO         1522    i.EXTI_ClearITPendingBit  stm32f10x_exti.o
    0x080008d4   0x00000020   Code   RO         1526    i.EXTI_GetITStatus  stm32f10x_exti.o
    0x080008f4   0x00000070   Code   RO         1527    i.EXTI_Init         stm32f10x_exti.o
    0x08000964   0x00000020   Code   RO          918    i.FSMC_NORSRAMCmd   stm32f10x_fsmc.o
    0x08000984   0x000000c8   Code   RO          920    i.FSMC_NORSRAMInit  stm32f10x_fsmc.o
    0x08000a4c   0x00000028   Code   RO         1030    i.GPIO_EXTILineConfig  stm32f10x_gpio.o
    0x08000a74   0x0000009c   Code   RO         1033    i.GPIO_Init         stm32f10x_gpio.o
    0x08000b10   0x00000058   Code   RO         1035    i.GPIO_PinRemapConfig  stm32f10x_gpio.o
    0x08000b68   0x0000000e   Code   RO         1037    i.GPIO_ReadInputDataBit  stm32f10x_gpio.o
    0x08000b76   0x00000004   Code   RO         1040    i.GPIO_ResetBits    stm32f10x_gpio.o
    0x08000b7a   0x00000004   Code   RO         1041    i.GPIO_SetBits      stm32f10x_gpio.o
    0x08000b7e   0x00000002   Code   RO          151    i.HardFault_Handler  stm32f10x_it.o
    0x08000b80   0x0000006c   Code   RO          274    i.LCD_Clear         lcd.o
    0x08000bec   0x00000134   Code   RO          278    i.LCD_Display_Dir   lcd.o
    0x08000d20   0x0000001c   Code   RO          280    i.LCD_DrawPoint     lcd.o
    0x08000d3c   0x000000b0   Code   RO          282    i.LCD_Draw_Circle   lcd.o
    0x08000dec   0x00000120   Code   RO          283    i.LCD_Fast_DrawPoint  lcd.o
    0x08000f0c   0x0000008c   Code   RO          284    i.LCD_Fill          lcd.o
    0x08000f98   0x00002e3c   Code   RO          285    i.LCD_Init          lcd.o
    0x08003dd4   0x00000014   Code   RO          287    i.LCD_RD_DATA       lcd.o
    0x08003de8   0x00000018   Code   RO          289    i.LCD_ReadReg       lcd.o
    0x08003e00   0x0000003c   Code   RO          290    i.LCD_SSD_BackLightSet  lcd.o
    0x08003e3c   0x000001a8   Code   RO          291    i.LCD_Scan_Dir      lcd.o
    0x08003fe4   0x00000148   Code   RO          292    i.LCD_SetCursor     lcd.o
    0x0800412c   0x000000cc   Code   RO          294    i.LCD_ShowChar      lcd.o
    0x080041f8   0x00000054   Code   RO          296    i.LCD_ShowString    lcd.o
    0x0800424c   0x00000014   Code   RO          301    i.LCD_WriteRAM_Prepare  lcd.o
    0x08004260   0x00000010   Code   RO          302    i.LCD_WriteReg      lcd.o
    0x08004270   0x00000002   Code   RO          152    i.MemManage_Handler  stm32f10x_it.o
    0x08004272   0x00000002   Code   RO          153    i.NMI_Handler       stm32f10x_it.o
    0x08004274   0x00000064   Code   RO          871    i.NVIC_Init         misc.o
    0x080042d8   0x00000014   Code   RO          872    i.NVIC_PriorityGroupConfig  misc.o
    0x080042ec   0x00000026   Code   RO          631    i.OV7670_Brightness  ov7670.o
    0x08004312   0x00000072   Code   RO          632    i.OV7670_Color_Saturation  ov7670.o
    0x08004384   0x00000026   Code   RO          633    i.OV7670_Contrast   ov7670.o
    0x080043aa   0x00000002   PAD
    0x080043ac   0x00000110   Code   RO          634    i.OV7670_Init       ov7670.o
    0x080044bc   0x00000052   Code   RO          635    i.OV7670_Light_Mode  ov7670.o
    0x0800450e   0x00000054   Code   RO          636    i.OV7670_Special_Effects  ov7670.o
    0x08004562   0x0000006e   Code   RO          637    i.OV7670_Window_Set  ov7670.o
    0x080045d0   0x00000002   Code   RO          154    i.PendSV_Handler    stm32f10x_it.o
    0x080045d2   0x00000002   PAD
    0x080045d4   0x00000018   Code   RO         1142    i.RCC_AHBPeriphClockCmd  stm32f10x_rcc.o
    0x080045ec   0x00000018   Code   RO         1143    i.RCC_APB1PeriphClockCmd  stm32f10x_rcc.o
    0x08004604   0x00000018   Code   RO         1145    i.RCC_APB2PeriphClockCmd  stm32f10x_rcc.o
    0x0800461c   0x0000006c   Code   RO          685    i.SCCB_Init         sccb.o
    0x08004688   0x00000044   Code   RO          686    i.SCCB_No_Ack       sccb.o
    0x080046cc   0x00000074   Code   RO          687    i.SCCB_RD_Byte      sccb.o
    0x08004740   0x0000004c   Code   RO          688    i.SCCB_RD_Reg       sccb.o
    0x0800478c   0x00000034   Code   RO          689    i.SCCB_Start        sccb.o
    0x080047c0   0x00000038   Code   RO          690    i.SCCB_Stop         sccb.o
    0x080047f8   0x00000090   Code   RO          691    i.SCCB_WR_Byte      sccb.o
    0x08004888   0x0000003e   Code   RO          692    i.SCCB_WR_Reg       sccb.o
    0x080048c6   0x00000002   Code   RO          155    i.SVC_Handler       stm32f10x_it.o
    0x080048c8   0x000000a8   Code   RO          232    i.SetSysClockTo72   system_stm32f10x.o
    0x08004970   0x00000018   Code   RO          875    i.SysTick_CLKSourceConfig  misc.o
    0x08004988   0x00000002   Code   RO          156    i.SysTick_Handler   stm32f10x_it.o
    0x0800498a   0x00000002   PAD
    0x0800498c   0x00000050   Code   RO          234    i.SystemInit        system_stm32f10x.o
    0x080049dc   0x00000034   Code   RO          574    i.TIM3_IRQHandler   timer.o
    0x08004a10   0x0000003c   Code   RO         2108    i.TIM4_IRQHandler   usmart.o
    0x08004a4c   0x00000088   Code   RO          578    i.TIM5_IRQHandler   timer.o
    0x08004ad4   0x00000040   Code   RO          579    i.TIM6_IRQHandler   timer.o
    0x08004b14   0x00000006   Code   RO         1583    i.TIM_ClearFlag     stm32f10x_tim.o
    0x08004b1a   0x00000006   Code   RO         1584    i.TIM_ClearITPendingBit  stm32f10x_tim.o
    0x08004b20   0x00000014   Code   RO         1589    i.TIM_Cmd           stm32f10x_tim.o
    0x08004b34   0x00000004   Code   RO         1604    i.TIM_GetCapture1   stm32f10x_tim.o
    0x08004b38   0x00000004   Code   RO         1608    i.TIM_GetCounter    stm32f10x_tim.o
    0x08004b3c   0x0000000e   Code   RO         1609    i.TIM_GetFlagStatus  stm32f10x_tim.o
    0x08004b4a   0x00000018   Code   RO         1610    i.TIM_GetITStatus   stm32f10x_tim.o
    0x08004b62   0x00000010   Code   RO         1614    i.TIM_ITConfig      stm32f10x_tim.o
    0x08004b72   0x0000000c   Code   RO         1620    i.TIM_OC1PolarityConfig  stm32f10x_tim.o
    0x08004b7e   0x00000004   Code   RO         1648    i.TIM_SetAutoreload  stm32f10x_tim.o
    0x08004b82   0x00000004   Code   RO         1654    i.TIM_SetCounter    stm32f10x_tim.o
    0x08004b86   0x00000002   PAD
    0x08004b88   0x0000009c   Code   RO         1660    i.TIM_TimeBaseInit  stm32f10x_tim.o
    0x08004c24   0x00000060   Code   RO         2109    i.Timer4_Init       usmart.o
    0x08004c84   0x00000064   Code   RO          812    i.USART1_IRQHandler  usart.o
    0x08004ce8   0x0000003e   Code   RO         1349    i.USART_GetITStatus  stm32f10x_usart.o
    0x08004d26   0x00000008   Code   RO         1359    i.USART_ReceiveData  stm32f10x_usart.o
    0x08004d2e   0x00000002   Code   RO          157    i.UsageFault_Handler  stm32f10x_it.o
    0x08004d30   0x0000000e   Code   RO         2315    i._is_digit         c_w.l(__printf_wp.o)
    0x08004d3e   0x00000002   Code   RO          813    i._sys_exit         usart.o
    0x08004d40   0x00000240   Code   RO            2    i.camera_refresh    main.o
    0x08004f80   0x00000024   Code   RO            3    i.clearXY           main.o
    0x08004fa4   0x0000003c   Code   RO          757    i.delay_init        delay.o
    0x08004fe0   0x00000034   Code   RO          758    i.delay_ms          delay.o
    0x08005014   0x00000034   Code   RO          759    i.delay_us          delay.o
    0x08005048   0x00000018   Code   RO          814    i.fputc             usart.o
    0x08005060   0x000003bc   Code   RO            4    i.main              main.o
    0x0800541c   0x00000004   Code   RO         2110    i.read_addr         usmart.o
    0x08005420   0x00000094   Code   RO         2111    i.usmart_cmd_rec    usmart.o
    0x080054b4   0x00000260   Code   RO         2112    i.usmart_exe        usmart.o
    0x08005714   0x0000009c   Code   RO         2201    i.usmart_get_aparm  usmart_str.o
    0x080057b0   0x0000002e   Code   RO         2202    i.usmart_get_cmdname  usmart_str.o
    0x080057de   0x00000002   PAD
    0x080057e0   0x00000168   Code   RO         2203    i.usmart_get_fname  usmart_str.o
    0x08005948   0x000000d0   Code   RO         2204    i.usmart_get_fparam  usmart_str.o
    0x08005a18   0x00000024   Code   RO         2205    i.usmart_get_parmpos  usmart_str.o
    0x08005a3c   0x00000038   Code   RO         2113    i.usmart_get_runtime  usmart.o
    0x08005a74   0x00000028   Code   RO         2114    i.usmart_init       usmart.o
    0x08005a9c   0x00000010   Code   RO         2206    i.usmart_pow        usmart_str.o
    0x08005aac   0x00000030   Code   RO         2115    i.usmart_reset_runtime  usmart.o
    0x08005adc   0x000000a4   Code   RO         2116    i.usmart_scan       usmart.o
    0x08005b80   0x00000010   Code   RO         2207    i.usmart_search_nextc  usmart_str.o
    0x08005b90   0x000000a0   Code   RO         2208    i.usmart_str2num    usmart_str.o
    0x08005c30   0x00000018   Code   RO         2209    i.usmart_strcmp     usmart_str.o
    0x08005c48   0x00000012   Code   RO         2210    i.usmart_strcopy    usmart_str.o
    0x08005c5a   0x00000012   Code   RO         2211    i.usmart_strlen     usmart_str.o
    0x08005c6c   0x00000670   Code   RO         2117    i.usmart_sys_cmd_exe  usmart.o
    0x080062dc   0x00000004   Code   RO         2118    i.write_addr        usmart.o
    0x080062e0   0x0000022c   Code   RO            5    i.xian              main.o
    0x0800650c   0x00000064   Code   RO            6    i.xianshi           main.o
    0x08006570   0x0000002e   Code   RO            7    i.zhaozhi           main.o
    0x0800659e   0x00000002   PAD
    0x080065a0   0x0000005a   Code   RO         2335    x$fpl$dfixu         fz_ws.l(dfixu.o)
    0x080065fa   0x00000026   Code   RO         2339    x$fpl$dfltu         fz_ws.l(dflt_clz.o)
    0x08006620   0x00000154   Code   RO         2345    x$fpl$dmul          fz_ws.l(dmul.o)
    0x08006774   0x0000009c   Code   RO         2383    x$fpl$dnaninf       fz_ws.l(dnaninf.o)
    0x08006810   0x0000000c   Code   RO         2385    x$fpl$dretinf       fz_ws.l(dretinf.o)
    0x0800681c   0x000000c4   Code   RO         2347    x$fpl$fadd          fz_ws.l(faddsub_clz.o)
    0x080068e0   0x00000018   Code   RO         2387    x$fpl$fcmpinf       fz_ws.l(fcmpi.o)
    0x080068f8   0x00000184   Code   RO         2354    x$fpl$fdiv          fz_ws.l(fdiv.o)
    0x08006a7c   0x00000036   Code   RO         2357    x$fpl$ffix          fz_ws.l(ffix.o)
    0x08006ab2   0x00000002   PAD
    0x08006ab4   0x00000030   Code   RO         2362    x$fpl$fflt          fz_ws.l(fflt_clz.o)
    0x08006ae4   0x00000068   Code   RO         2367    x$fpl$fleqf         fz_ws.l(fleqf.o)
    0x08006b4c   0x00000102   Code   RO         2369    x$fpl$fmul          fz_ws.l(fmul.o)
    0x08006c4e   0x0000008c   Code   RO         2389    x$fpl$fnaninf       fz_ws.l(fnaninf.o)
    0x08006cda   0x0000000a   Code   RO         2391    x$fpl$fretinf       fz_ws.l(fretinf.o)
    0x08006ce4   0x00000062   Code   RO         2371    x$fpl$frleqf        fz_ws.l(frleqf.o)
    0x08006d46   0x00000014   Code   RO         2348    x$fpl$frsb          fz_ws.l(faddsub_clz.o)
    0x08006d5a   0x00000002   PAD
    0x08006d5c   0x000000ea   Code   RO         2349    x$fpl$fsub          fz_ws.l(faddsub_clz.o)
    0x08006e46   0x00000000   Code   RO         2393    x$fpl$usenofp       fz_ws.l(usenofp.o)
    0x08006e46   0x000017c0   Data   RO          305    .constdata          lcd.o
    0x08008606   0x00000150   Data   RO          638    .constdata          ov7670.o
    0x08008756   0x00000028   Data   RO         2288    .constdata          c_w.l(_printf_hex_int.o)
    0x0800877e   0x00000011   Data   RO         2323    .constdata          c_w.l(__printf_flags_ss_wp.o)
    0x0800878f   0x00000001   PAD
    0x08008790   0x00000028   Data   RO         2119    .conststring        usmart.o
    0x080087b8   0x000000df   Data   RO         2184    .conststring        usmart_config.o
    0x08008897   0x00000001   PAD
    0x08008898   0x00000020   Data   RO         2550    Region$$Table       anon$$obj.o


    Execution Region RW_IRAM1 (Base: 0x20000000, Size: 0x00000810, Max: 0x00010000, ABSOLUTE, COMPRESSED[0x00000100])

    Base Addr    Size         Type   Attr      Idx    E Section Name        Object

    0x20000000   0x0000015c   Data   RW           13    .data               main.o
    0x2000015c   0x00000014   Data   RW          235    .data               system_stm32f10x.o
    0x20000170   0x00000004   Data   RW          306    .data               lcd.o
    0x20000174   0x00000001   Data   RW          526    .data               exti.o
    0x20000175   0x00000001   PAD
    0x20000176   0x00000004   Data   RW          582    .data               timer.o
    0x2000017a   0x00000004   Data   RW          760    .data               delay.o
    0x2000017e   0x00000002   Data   RW          817    .data               usart.o
    0x20000180   0x00000004   Data   RW          818    .data               usart.o
    0x20000184   0x0000001c   Data   RW         2120    .data               usmart.o
    0x200001a0   0x00000038   Data   RW         2185    .data               usmart_config.o
    0x200001d8   0x000000f4   Data   RW         2186    .data               usmart_config.o
    0x200002cc   0x0000000e   Zero   RW            8    .bss                main.o
    0x200002da   0x0000000e   Zero   RW          304    .bss                lcd.o
    0x200002e8   0x000000c8   Zero   RW          816    .bss                usart.o
    0x200003b0   0x00000060   Zero   RW         2428    .bss                c_w.l(libspace.o)
    0x20000410   0x00000000   Zero   RW          865    HEAP                startup_stm32f10x_hd.o
    0x20000410   0x00000400   Zero   RW          864    STACK               startup_stm32f10x_hd.o


==============================================================================

Image component sizes


      Code (inc. data)   RO Data    RW Data    ZI Data      Debug   Object Name

       164         26          0          4          0       1907   delay.o
       374         52          0          1          0       3727   exti.o
     14064        164       6080          4         14      53710   lcd.o
      2308        260          0        348         14     261618   main.o
       144         16          0          0          0       2277   misc.o
       738         38        336          0          0       5685   ov7670.o
       682         66          0          0          0       5339   sccb.o
        60         22        304          0       1024        832   startup_stm32f10x_hd.o
       156         14          0          0          0       2416   stm32f10x_exti.o
       232          6          0          0          0       2029   stm32f10x_fsmc.o
       306         12          0          0          0       5524   stm32f10x_gpio.o
        18          0          0          0          0       4110   stm32f10x_it.o
        72         18          0          0          0       1906   stm32f10x_rcc.o
       270         42          0          0          0       8977   stm32f10x_tim.o
        70          0          0          0          0       2968   stm32f10x_usart.o
         0          0          0          0          0         32   sys.o
       248         24          0         20          0       1917   system_stm32f10x.o
       252         40          0          4          0       2174   timer.o
       126         18          0          6        200       3680   usart.o
      2876       1332         40         28          0       8338   usmart.o
         0          0        223        300          0       1780   usmart_config.o
      1058         20          0          0          0       9587   usmart_str.o

    ----------------------------------------------------------------------
     24234       2170       7016        716       1252     390533   Object Totals
         0          0         32          0          0          0   (incl. Generated)
        16          0          1          1          0          0   (incl. Padding)

    ----------------------------------------------------------------------

      Code (inc. data)   RO Data    RW Data    ZI Data      Debug   Library Member Name

        90          0          0          0          0          0   __dczerorl2.o
         8          0          0          0          0         68   __main.o
       392          4         17          0          0         92   __printf_flags_ss_wp.o
        14          0          0          0          0         68   __printf_wp.o
         0          0          0          0          0          0   __rtentry.o
        12          0          0          0          0          0   __rtentry2.o
         6          0          0          0          0          0   __rtentry4.o
        52          8          0          0          0          0   __scatter.o
        28          0          0          0          0          0   __scatter_zi.o
         6          0          0          0          0          0   _printf_c.o
        44          0          0          0          0        108   _printf_char.o
        48          6          0          0          0         96   _printf_char_common.o
        36          4          0          0          0         80   _printf_char_file.o
         6          0          0          0          0          0   _printf_d.o
       120         16          0          0          0         92   _printf_dec.o
        88          4         40          0          0         88   _printf_hex_int.o
       178          0          0          0          0         88   _printf_intcommon.o
        78          0          0          0          0        108   _printf_pad.o
         0          0          0          0          0          0   _printf_percent.o
         4          0          0          0          0          0   _printf_percent_end.o
         6          0          0          0          0          0   _printf_s.o
        82          0          0          0          0         80   _printf_str.o
         6          0          0          0          0          0   _printf_u.o
         6          0          0          0          0          0   _printf_x.o
        18          0          0          0          0         80   exit.o
         8          0          0          0          0         68   ferror.o
         6          0          0          0          0        152   heapauxi.o
         2          0          0          0          0          0   libinit.o
         2          0          0          0          0          0   libinit2.o
         2          0          0          0          0          0   libshutdown.o
         2          0          0          0          0          0   libshutdown2.o
         8          4          0          0         96         68   libspace.o
        24          4          0          0          0         84   noretval__2printf.o
         2          0          0          0          0          0   rtexit.o
        10          0          0          0          0          0   rtexit2.o
        74          0          0          0          0         80   sys_stackheap_outer.o
         2          0          0          0          0         68   use_no_semi.o
         2          0          0          0          0         68   use_no_semi_2.o
        90          4          0          0          0         92   dfixu.o
        38          0          0          0          0         68   dflt_clz.o
       340         12          0          0          0        104   dmul.o
       156          4          0          0          0         92   dnaninf.o
        12          0          0          0          0         68   dretinf.o
       450          8          0          0          0        236   faddsub_clz.o
        24          0          0          0          0         68   fcmpi.o
       388         76          0          0          0         96   fdiv.o
        54          4          0          0          0         84   ffix.o
        48          0          0          0          0         68   fflt_clz.o
       104          4          0          0          0         84   fleqf.o
       258          4          0          0          0         84   fmul.o
       140          4          0          0          0         84   fnaninf.o
        10          0          0          0          0         68   fretinf.o
        98          0          0          0          0         68   frleqf.o
         0          0          0          0          0          0   usenofp.o

    ----------------------------------------------------------------------
      3692        170         58          0         96       3000   Library Totals
        10          0          1          0          0          0   (incl. Padding)

    ----------------------------------------------------------------------

      Code (inc. data)   RO Data    RW Data    ZI Data      Debug   Library Name

      1472         50         57          0         96       1636   c_w.l
      2210        120          0          0          0       1364   fz_ws.l

    ----------------------------------------------------------------------
      3692        170         58          0         96       3000   Library Totals

    ----------------------------------------------------------------------

==============================================================================


      Code (inc. data)   RO Data    RW Data    ZI Data      Debug   

     27926       2340       7074        716       1348     386093   Grand Totals
     27926       2340       7074        256       1348     386093   ELF Image Totals (compressed)
     27926       2340       7074        256          0          0   ROM Totals

==============================================================================

    Total RO  Size (Code + RO Data)                35000 (  34.18kB)
    Total RW  Size (RW Data + ZI Data)              2064 (   2.02kB)
    Total ROM Size (Code + RO Data + RW Data)      35256 (  34.43kB)

==============================================================================

